Archive member included to satisfy reference by file (symbol)

/usr/lib/gcc/arm-none-eabi/10.3.1/thumb/v6-m/nofp/libgcc.a(_dvmd_tls.o)
                              CMakeFiles/pico_synth.dir/home/vscode/pico-sdk/src/rp2_common/pico_divider/divider_hardware.S.o (__aeabi_idiv0)
/usr/lib/gcc/arm-none-eabi/10.3.1/../../../arm-none-eabi/lib/thumb/v6-m/nofp/libg.a(lib_a-atexit.o)
                              /usr/lib/gcc/arm-none-eabi/10.3.1/../../../arm-none-eabi/lib/thumb/v6-m/nofp/crt0.o (atexit)
/usr/lib/gcc/arm-none-eabi/10.3.1/../../../arm-none-eabi/lib/thumb/v6-m/nofp/libg.a(lib_a-calloc.o)
                              CMakeFiles/pico_synth.dir/home/vscode/pico-sdk/src/rp2_common/pico_malloc/malloc.c.o (calloc)
/usr/lib/gcc/arm-none-eabi/10.3.1/../../../arm-none-eabi/lib/thumb/v6-m/nofp/libg.a(lib_a-callocr.o)
                              /usr/lib/gcc/arm-none-eabi/10.3.1/../../../arm-none-eabi/lib/thumb/v6-m/nofp/libg.a(lib_a-calloc.o) (_calloc_r)
/usr/lib/gcc/arm-none-eabi/10.3.1/../../../arm-none-eabi/lib/thumb/v6-m/nofp/libg.a(lib_a-fini.o)
                              /usr/lib/gcc/arm-none-eabi/10.3.1/../../../arm-none-eabi/lib/thumb/v6-m/nofp/crt0.o (__libc_fini_array)
/usr/lib/gcc/arm-none-eabi/10.3.1/../../../arm-none-eabi/lib/thumb/v6-m/nofp/libg.a(lib_a-impure.o)
                              /usr/lib/gcc/arm-none-eabi/10.3.1/../../../arm-none-eabi/lib/thumb/v6-m/nofp/libg.a(lib_a-calloc.o) (_impure_ptr)
/usr/lib/gcc/arm-none-eabi/10.3.1/../../../arm-none-eabi/lib/thumb/v6-m/nofp/libg.a(lib_a-init.o)
                              /usr/lib/gcc/arm-none-eabi/10.3.1/../../../arm-none-eabi/lib/thumb/v6-m/nofp/crt0.o (__libc_init_array)
/usr/lib/gcc/arm-none-eabi/10.3.1/../../../arm-none-eabi/lib/thumb/v6-m/nofp/libg.a(lib_a-lcltime_r.o)
                              CMakeFiles/pico_synth.dir/home/vscode/pico-sdk/src/common/pico_util/datetime.c.o (localtime_r)
/usr/lib/gcc/arm-none-eabi/10.3.1/../../../arm-none-eabi/lib/thumb/v6-m/nofp/libg.a(lib_a-malloc.o)
                              CMakeFiles/pico_synth.dir/home/vscode/pico-sdk/src/rp2_common/pico_malloc/malloc.c.o (malloc)
/usr/lib/gcc/arm-none-eabi/10.3.1/../../../arm-none-eabi/lib/thumb/v6-m/nofp/libg.a(lib_a-mallocr.o)
                              /usr/lib/gcc/arm-none-eabi/10.3.1/../../../arm-none-eabi/lib/thumb/v6-m/nofp/libg.a(lib_a-callocr.o) (_malloc_r)
/usr/lib/gcc/arm-none-eabi/10.3.1/../../../arm-none-eabi/lib/thumb/v6-m/nofp/libg.a(lib_a-memcmp.o)
                              CMakeFiles/pico_synth.dir/home/vscode/pico-sdk/src/rp2_common/pico_atomic/atomic.c.o (memcmp)
/usr/lib/gcc/arm-none-eabi/10.3.1/../../../arm-none-eabi/lib/thumb/v6-m/nofp/libg.a(lib_a-mktime.o)
                              CMakeFiles/pico_synth.dir/home/vscode/pico-sdk/src/common/pico_util/datetime.c.o (mktime)
/usr/lib/gcc/arm-none-eabi/10.3.1/../../../arm-none-eabi/lib/thumb/v6-m/nofp/libg.a(lib_a-mlock.o)
                              /usr/lib/gcc/arm-none-eabi/10.3.1/../../../arm-none-eabi/lib/thumb/v6-m/nofp/libg.a(lib_a-mallocr.o) (__malloc_lock)
/usr/lib/gcc/arm-none-eabi/10.3.1/../../../arm-none-eabi/lib/thumb/v6-m/nofp/libg.a(lib_a-month_lengths.o)
                              /usr/lib/gcc/arm-none-eabi/10.3.1/../../../arm-none-eabi/lib/thumb/v6-m/nofp/libg.a(lib_a-lcltime_r.o) (__month_lengths)
/usr/lib/gcc/arm-none-eabi/10.3.1/../../../arm-none-eabi/lib/thumb/v6-m/nofp/libg.a(lib_a-realloc.o)
                              CMakeFiles/pico_synth.dir/home/vscode/pico-sdk/src/rp2_common/pico_malloc/malloc.c.o (realloc)
/usr/lib/gcc/arm-none-eabi/10.3.1/../../../arm-none-eabi/lib/thumb/v6-m/nofp/libg.a(lib_a-reallocr.o)
                              /usr/lib/gcc/arm-none-eabi/10.3.1/../../../arm-none-eabi/lib/thumb/v6-m/nofp/libg.a(lib_a-realloc.o) (_realloc_r)
/usr/lib/gcc/arm-none-eabi/10.3.1/../../../arm-none-eabi/lib/thumb/v6-m/nofp/libg.a(lib_a-sbrkr.o)
                              /usr/lib/gcc/arm-none-eabi/10.3.1/../../../arm-none-eabi/lib/thumb/v6-m/nofp/libg.a(lib_a-mallocr.o) (_sbrk_r)
/usr/lib/gcc/arm-none-eabi/10.3.1/../../../arm-none-eabi/lib/thumb/v6-m/nofp/libg.a(lib_a-strlen-stub.o)
                              CMakeFiles/pico_synth.dir/src/usb_descriptors.c.o (strlen)
/usr/lib/gcc/arm-none-eabi/10.3.1/../../../arm-none-eabi/lib/thumb/v6-m/nofp/libg.a(lib_a-tzcalc_limits.o)
                              /usr/lib/gcc/arm-none-eabi/10.3.1/../../../arm-none-eabi/lib/thumb/v6-m/nofp/libg.a(lib_a-lcltime_r.o) (__tzcalc_limits)
/usr/lib/gcc/arm-none-eabi/10.3.1/../../../arm-none-eabi/lib/thumb/v6-m/nofp/libg.a(lib_a-tzlock.o)
                              /usr/lib/gcc/arm-none-eabi/10.3.1/../../../arm-none-eabi/lib/thumb/v6-m/nofp/libg.a(lib_a-lcltime_r.o) (__tz_lock)
/usr/lib/gcc/arm-none-eabi/10.3.1/../../../arm-none-eabi/lib/thumb/v6-m/nofp/libg.a(lib_a-tzset.o)
                              /usr/lib/gcc/arm-none-eabi/10.3.1/../../../arm-none-eabi/lib/thumb/v6-m/nofp/libg.a(lib_a-lcltime_r.o) (_tzset_unlocked)
[...]
Memory Configuration

Name             Origin             Length             Attributes
FLASH            0x0000000010000000 0x0000000000200000 xr
RAM              0x0000000020000000 0x0000000000040000 xrw
SCRATCH_X        0x0000000020040000 0x0000000000001000 xrw
SCRATCH_Y        0x0000000020041000 0x0000000000001000 xrw
*default*        0x0000000000000000 0xffffffffffffffff

Linker script and memory map

LOAD /usr/lib/gcc/arm-none-eabi/10.3.1/thumb/v6-m/nofp/crti.o
LOAD /usr/lib/gcc/arm-none-eabi/10.3.1/thumb/v6-m/nofp/crtbegin.o
LOAD /usr/lib/gcc/arm-none-eabi/10.3.1/../../../arm-none-eabi/lib/thumb/v6-m/nofp/crt0.o

.flash_begin    0x0000000010000000        0x0
                0x0000000010000000                __flash_binary_start = .

.boot2          0x0000000010000000      0x100
                0x0000000010000000                __boot2_start__ = .
 *(.boot2)
 .boot2         0x0000000010000000      0x100 pico-sdk/src/rp2040/boot_stage2/CMakeFiles/bs2_default_library.dir/./bs2_default_padded_checksummed.S.o
                0x0000000010000100                __boot2_end__ = .
                0x0000000000000001                ASSERT (((__boot2_end__ - __boot2_start__) == 0x100), ERROR: Pico second stage bootloader must be 256 bytes in size)

.text           0x0000000010000100     0x6824
                0x0000000010000100                __logical_binary_start = .
 *(.vectors)
 .vectors       0x0000000010000100       0xd4 CMakeFiles/pico_synth.dir/home/vscode/pico-sdk/src/rp2_common/pico_crt0/crt0.S.o
                0x0000000010000100                __vectors
                0x0000000010000100                __VECTOR_TABLE
                0x00000000100001c0                isr_irq30
                0x00000000100001c0                __unhandled_user_irq
                0x00000000100001c0                isr_irq13
                0x00000000100001c0                isr_irq27
                0x00000000100001c0                isr_irq31
                0x00000000100001c0                isr_irq5
                0x00000000100001c0                isr_irq11
                0x00000000100001c0                isr_irq23
                0x00000000100001c0                isr_irq18
                0x00000000100001c0                isr_irq28
                0x00000000100001c0                isr_irq19
                0x00000000100001c0                isr_irq0
                0x00000000100001c0                isr_irq6
                0x00000000100001c0                isr_irq22
                0x00000000100001c0                isr_irq17
                0x00000000100001c0                isr_irq14
                0x00000000100001c0                __vectors_end
                0x00000000100001c0                __default_isrs_start
                0x00000000100001c0                isr_irq2
                0x00000000100001c0                isr_irq10
                0x00000000100001c0                isr_irq8
                0x00000000100001c0                isr_irq24
                0x00000000100001c0                isr_irq1
                0x00000000100001c0                isr_irq7
                0x00000000100001c0                isr_irq21
                0x00000000100001c0                isr_irq20
                0x00000000100001c0                isr_irq15
                0x00000000100001c0                isr_irq25
                0x00000000100001c0                isr_irq4
                0x00000000100001c0                isr_irq16
                0x00000000100001c0                isr_irq29
                0x00000000100001c0                isr_irq26
                0x00000000100001c0                isr_irq3
                0x00000000100001c0                isr_irq12
                0x00000000100001c0                isr_irq9
                0x00000000100001c6                unhandled_user_irq_num_in_r0
                0x00000000100001c8                isr_invalid
                0x00000000100001ca                isr_nmi
                0x00000000100001cc                isr_hardfault
                0x00000000100001ce                isr_svcall
                0x00000000100001d0                isr_pendsv
                0x00000000100001d2                isr_systick
                0x00000000100001d4                __default_isrs_end
 *(.binary_info_header)
 .binary_info_header
                0x00000000100001d4       0x14 CMakeFiles/pico_synth.dir/home/vscode/pico-sdk/src/rp2_common/pico_crt0/crt0.S.o
                0x00000000100001e8                __binary_info_header_end = .
 *(.embedded_block)
                0x00000000100001e8                __embedded_block_end = .
 *(.reset)
 .reset         0x00000000100001e8       0x9c CMakeFiles/pico_synth.dir/home/vscode/pico-sdk/src/rp2_common/pico_crt0/crt0.S.o
                0x00000000100001e8                _entry_point
 *(.init)
 .init          0x0000000010000284        0x4 /usr/lib/gcc/arm-none-eabi/10.3.1/thumb/v6-m/nofp/crti.o
                0x0000000010000284                _init
 *(EXCLUDE_FILE(*libm.a: *libc.a:*lib_a-mem*.o *libgcc.a:) .text*)
 .text          0x0000000010000288       0x98 /usr/lib/gcc/arm-none-eabi/10.3.1/thumb/v6-m/nofp/crtbegin.o
 .text.core1_entry
                0x0000000010000320       0x68 CMakeFiles/pico_synth.dir/src/main.c.o
 .text.startup.main
                0x0000000010000388       0x28 CMakeFiles/pico_synth.dir/src/main.c.o
                0x0000000010000388                main
 .text.synth_init
                0x00000000100003b0      0x728 CMakeFiles/pico_synth.dir/src/synth.c.o
                0x00000000100003b0                synth_init
 .text.synth_note_on
                0x0000000010000ad8      0x1c8 CMakeFiles/pico_synth.dir/src/synth.c.o
                0x0000000010000ad8                synth_note_on
 .text.synth_note_off
                0x0000000010000ca0       0x34 CMakeFiles/pico_synth.dir/src/synth.c.o
                0x0000000010000ca0                synth_note_off
 .text.synth_set_waveform
                0x0000000010000cd4       0x14 CMakeFiles/pico_synth.dir/src/synth.c.o
                0x0000000010000cd4                synth_set_waveform
 .text.synth_set_filter
                0x0000000010000ce8      0x14c CMakeFiles/pico_synth.dir/src/synth.c.o
                0x0000000010000ce8                synth_set_filter
 .text.synth_next_sample
                0x0000000010000e34      0x1c4 CMakeFiles/pico_synth.dir/src/synth.c.o
                0x0000000010000e34                synth_next_sample
 .text.i2s_dma_irq_handler
                0x0000000010000ff8       0x98 CMakeFiles/pico_synth.dir/src/i2s_audio.c.o
                0x0000000010000ff8                i2s_dma_irq_handler
 .text.i2s_init
                0x0000000010001090      0x1ec CMakeFiles/pico_synth.dir/src/i2s_audio.c.o
                0x0000000010001090                i2s_init
 .text.midi_uart_init
                0x000000001000127c       0x3c CMakeFiles/pico_synth.dir/src/midi.c.o
                0x000000001000127c                midi_uart_init
 .text.midi_parse_byte
                0x00000000100012b8      0x150 CMakeFiles/pico_synth.dir/src/midi.c.o
                0x00000000100012b8                midi_parse_byte
 .text.midi_uart_poll
                0x0000000010001408      0x174 CMakeFiles/pico_synth.dir/src/midi.c.o
                0x0000000010001408                midi_uart_poll
 .text.midi_usb_poll
                0x000000001000157c       0x64 CMakeFiles/pico_synth.dir/src/midi.c.o
                0x000000001000157c                midi_usb_poll
 .text.knobs_init
                0x00000000100015e0       0xa8 CMakeFiles/pico_synth.dir/src/knobs.c.o
                0x00000000100015e0                knobs_init
 .text.knobs_poll
                0x0000000010001688      0x150 CMakeFiles/pico_synth.dir/src/knobs.c.o
                0x0000000010001688                knobs_poll
 .text.tud_descriptor_device_cb
                0x00000000100017d8        0x8 CMakeFiles/pico_synth.dir/src/usb_descriptors.c.o
                0x00000000100017d8                tud_descriptor_device_cb
 .text.tud_descriptor_configuration_cb
                0x00000000100017e0        0x8 CMakeFiles/pico_synth.dir/src/usb_descriptors.c.o
                0x00000000100017e0                tud_descriptor_configuration_cb
 .text.tud_descriptor_string_cb
                0x00000000100017e8       0x78 CMakeFiles/pico_synth.dir/src/usb_descriptors.c.o
                0x00000000100017e8                tud_descriptor_string_cb
 .text.gpio_set_function
                0x0000000010001860       0x34 CMakeFiles/pico_synth.dir/home/vscode/pico-sdk/src/rp2_common/hardware_gpio/gpio.c.o
                0x0000000010001860                gpio_set_function
 .text.gpio_set_pulls
                0x0000000010001894       0x34 CMakeFiles/pico_synth.dir/home/vscode/pico-sdk/src/rp2_common/hardware_gpio/gpio.c.o
                0x0000000010001894                gpio_set_pulls
 .text.gpio_set_input_enabled
                0x00000000100018c8       0x28 CMakeFiles/pico_synth.dir/home/vscode/pico-sdk/src/rp2_common/hardware_gpio/gpio.c.o
                0x00000000100018c8                gpio_set_input_enabled
 .text.rp2040_chip_version
                0x00000000100018f0        0xc CMakeFiles/pico_synth.dir/home/vscode/pico-sdk/src/rp2040/pico_platform/platform.c.o
                0x00000000100018f0                rp2040_chip_version
 .text.panic    0x00000000100018fc       0x30 CMakeFiles/pico_synth.dir/home/vscode/pico-sdk/src/rp2_common/pico_platform_panic/panic.c.o
                0x00000000100018fc                panic
 .text.hw_claim_lock
                0x000000001000192c       0x18 CMakeFiles/pico_synth.dir/home/vscode/pico-sdk/src/common/hardware_claim/claim.c.o
                0x000000001000192c                hw_claim_lock
 .text.hw_claim_unlock
                0x0000000010001944       0x14 CMakeFiles/pico_synth.dir/home/vscode/pico-sdk/src/common/hardware_claim/claim.c.o
                0x0000000010001944                hw_claim_unlock
 .text.hw_claim_or_assert
                0x0000000010001958       0x44 CMakeFiles/pico_synth.dir/home/vscode/pico-sdk/src/common/hardware_claim/claim.c.o
                0x0000000010001958                hw_claim_or_assert
 .text.hw_claim_unused_from_range
                0x000000001000199c       0x9c CMakeFiles/pico_synth.dir/home/vscode/pico-sdk/src/common/hardware_claim/claim.c.o
                0x000000001000199c                hw_claim_unused_from_range
 .text.next_striped_spin_lock_num
                0x0000000010001a38       0x18 CMakeFiles/pico_synth.dir/home/vscode/pico-sdk/src/rp2_common/hardware_sync/sync.c.o
                0x0000000010001a38                next_striped_spin_lock_num
 .text.spin_lock_claim_unused
                0x0000000010001a50       0x20 CMakeFiles/pico_synth.dir/home/vscode/pico-sdk/src/rp2_common/hardware_sync/sync.c.o
                0x0000000010001a50                spin_lock_claim_unused
 .text.spin_locks_reset
                0x0000000010001a70       0x1c CMakeFiles/pico_synth.dir/home/vscode/pico-sdk/src/rp2_common/hardware_sync_spin_lock/sync_spin_lock.c.o
                0x0000000010001a70                spin_locks_reset
 .text.runtime_init_per_core_irq_priorities
                0x0000000010001a8c       0x24 CMakeFiles/pico_synth.dir/home/vscode/pico-sdk/src/rp2_common/hardware_irq/irq.c.o
                0x0000000010001a8c                runtime_init_per_core_irq_priorities
 .text.irq_set_enabled
                0x0000000010001ab0       0x24 CMakeFiles/pico_synth.dir/home/vscode/pico-sdk/src/rp2_common/hardware_irq/irq.c.o
                0x0000000010001ab0                irq_set_enabled
 .text.irq_is_enabled
                0x0000000010001ad4       0x18 CMakeFiles/pico_synth.dir/home/vscode/pico-sdk/src/rp2_common/hardware_irq/irq.c.o
                0x0000000010001ad4                irq_is_enabled
 .text.irq_set_exclusive_handler
                0x0000000010001aec       0x54 CMakeFiles/pico_synth.dir/home/vscode/pico-sdk/src/rp2_common/hardware_irq/irq.c.o
                0x0000000010001aec                irq_set_exclusive_handler
 .text.irq_add_shared_handler
                0x0000000010001b40      0x1e8 CMakeFiles/pico_synth.dir/home/vscode/pico-sdk/src/rp2_common/hardware_irq/irq.c.o
                0x0000000010001b40                irq_add_shared_handler
 .text.irq_remove_handler
                0x0000000010001d28      0x1c4 CMakeFiles/pico_synth.dir/home/vscode/pico-sdk/src/rp2_common/hardware_irq/irq.c.o
                0x0000000010001d28                irq_remove_handler
 .text.irq_add_tail_to_free_list
                0x0000000010001eec       0xb4 CMakeFiles/pico_synth.dir/home/vscode/pico-sdk/src/rp2_common/hardware_irq/irq.c.o
                0x0000000010001eec                irq_add_tail_to_free_list
 .text.lock_init
                0x0000000010001fa0       0x10 CMakeFiles/pico_synth.dir/home/vscode/pico-sdk/src/common/pico_sync/lock_core.c.o
                0x0000000010001fa0                lock_init
 .text.runtime_init_mutex
                0x0000000010001fb0       0x58 CMakeFiles/pico_synth.dir/home/vscode/pico-sdk/src/common/pico_sync/mutex.c.o
                0x0000000010001fb0                runtime_init_mutex
 .text.mutex_init
                0x0000000010002008       0x1c CMakeFiles/pico_synth.dir/home/vscode/pico-sdk/src/common/pico_sync/mutex.c.o
                0x0000000010002008                mutex_init
 .text.critical_section_init
                0x0000000010002024       0x20 CMakeFiles/pico_synth.dir/home/vscode/pico-sdk/src/common/pico_sync/critical_section.c.o
                0x0000000010002024                critical_section_init
 .text.sleep_until_callback
                0x0000000010002044       0x30 CMakeFiles/pico_synth.dir/home/vscode/pico-sdk/src/common/pico_time/time.c.o
 .text.alarm_pool_irq_handler
                0x0000000010002074      0x308 CMakeFiles/pico_synth.dir/home/vscode/pico-sdk/src/common/pico_time/time.c.o
 .text.runtime_init_default_alarm_pool
                0x000000001000237c       0xdc CMakeFiles/pico_synth.dir/home/vscode/pico-sdk/src/common/pico_time/time.c.o
                0x000000001000237c                runtime_init_default_alarm_pool
 .text.alarm_pool_add_alarm_at_force_in_context
                0x0000000010002458       0xb0 CMakeFiles/pico_synth.dir/home/vscode/pico-sdk/src/common/pico_time/time.c.o
                0x0000000010002458                alarm_pool_add_alarm_at_force_in_context
 .text.alarm_pool_cancel_alarm
                0x0000000010002508       0x7c CMakeFiles/pico_synth.dir/home/vscode/pico-sdk/src/common/pico_time/time.c.o
                0x0000000010002508                alarm_pool_cancel_alarm
 .text.sleep_until
                0x0000000010002584       0xd0 CMakeFiles/pico_synth.dir/home/vscode/pico-sdk/src/common/pico_time/time.c.o
                0x0000000010002584                sleep_until
 .text.sleep_ms
                0x0000000010002654       0x34 CMakeFiles/pico_synth.dir/home/vscode/pico-sdk/src/common/pico_time/time.c.o
                0x0000000010002654                sleep_ms
 .text.best_effort_wfe_or_timeout
                0x0000000010002688       0xfc CMakeFiles/pico_synth.dir/home/vscode/pico-sdk/src/common/pico_time/time.c.o
                0x0000000010002688                best_effort_wfe_or_timeout
 .text.timer_hardware_alarm_claim
                0x0000000010002784       0x14 CMakeFiles/pico_synth.dir/home/vscode/pico-sdk/src/rp2_common/hardware_timer/timer.c.o
                0x0000000010002784                timer_hardware_alarm_claim
 .text.timer_time_us_64
                0x0000000010002798       0x10 CMakeFiles/pico_synth.dir/home/vscode/pico-sdk/src/rp2_common/hardware_timer/timer.c.o
                0x0000000010002798                timer_time_us_64
 .text.time_us_64
                0x00000000100027a8       0x14 CMakeFiles/pico_synth.dir/home/vscode/pico-sdk/src/rp2_common/hardware_timer/timer.c.o
                0x00000000100027a8                time_us_64
 .text.busy_wait_us
                0x00000000100027bc       0x54 CMakeFiles/pico_synth.dir/home/vscode/pico-sdk/src/rp2_common/hardware_timer/timer.c.o
                0x00000000100027bc                busy_wait_us
 .text.busy_wait_until
                0x0000000010002810       0x20 CMakeFiles/pico_synth.dir/home/vscode/pico-sdk/src/rp2_common/hardware_timer/timer.c.o
                0x0000000010002810                busy_wait_until
 .text.uart_init
                0x0000000010002830      0x11c CMakeFiles/pico_synth.dir/home/vscode/pico-sdk/src/rp2_common/hardware_uart/uart.c.o
                0x0000000010002830                uart_init
 .text.uart_set_format
                0x000000001000294c       0x78 CMakeFiles/pico_synth.dir/home/vscode/pico-sdk/src/rp2_common/hardware_uart/uart.c.o
                0x000000001000294c                uart_set_format
 .text.uart_set_fifo_enabled
                0x00000000100029c4       0x60 CMakeFiles/pico_synth.dir/home/vscode/pico-sdk/src/rp2_common/hardware_uart/uart.c.o
                0x00000000100029c4                uart_set_fifo_enabled
 .text.clock_configure_int_divider
                0x0000000010002a24       0xf4 CMakeFiles/pico_synth.dir/home/vscode/pico-sdk/src/rp2_common/hardware_clocks/clocks.c.o
                0x0000000010002a24                clock_configure_int_divider
 .text.clock_configure_undivided
                0x0000000010002b18       0xe8 CMakeFiles/pico_synth.dir/home/vscode/pico-sdk/src/rp2_common/hardware_clocks/clocks.c.o
                0x0000000010002b18                clock_configure_undivided
 .text.clock_get_hz
                0x0000000010002c00        0xc CMakeFiles/pico_synth.dir/home/vscode/pico-sdk/src/rp2_common/hardware_clocks/clocks.c.o
                0x0000000010002c00                clock_get_hz
 .text.pll_init
                0x0000000010002c0c       0xa0 CMakeFiles/pico_synth.dir/home/vscode/pico-sdk/src/rp2_common/hardware_pll/pll.c.o
                0x0000000010002c0c                pll_init
 .text.tick_start
                0x0000000010002cac       0x10 CMakeFiles/pico_synth.dir/home/vscode/pico-sdk/src/rp2_common/hardware_ticks/ticks.c.o
                0x0000000010002cac                tick_start
 .text.rom_func_lookup
                0x0000000010002cbc       0x10 CMakeFiles/pico_synth.dir/home/vscode/pico-sdk/src/rp2_common/pico_bootrom/bootrom.c.o
                0x0000000010002cbc                rom_func_lookup
 .text.rom_data_lookup
                0x0000000010002ccc       0x10 CMakeFiles/pico_synth.dir/home/vscode/pico-sdk/src/rp2_common/pico_bootrom/bootrom.c.o
                0x0000000010002ccc                rom_data_lookup
 .text.rom_funcs_lookup
                0x0000000010002cdc       0x44 CMakeFiles/pico_synth.dir/home/vscode/pico-sdk/src/rp2_common/pico_bootrom/bootrom.c.o
                0x0000000010002cdc                rom_funcs_lookup
 .text.xosc_init
                0x0000000010002d20       0x28 CMakeFiles/pico_synth.dir/home/vscode/pico-sdk/src/rp2_common/hardware_xosc/xosc.c.o
                0x0000000010002d20                xosc_init
 .text.first_per_core_initializer
                0x0000000010002d48        0x4 CMakeFiles/pico_synth.dir/home/vscode/pico-sdk/src/rp2_common/pico_runtime/runtime.c.o
 .text.hard_assertion_failure
                0x0000000010002d4c        0xc CMakeFiles/pico_synth.dir/home/vscode/pico-sdk/src/rp2_common/pico_runtime/runtime.c.o
                0x0000000010002d4c                hard_assertion_failure
 .text.runtime_run_initializers
                0x0000000010002d58       0x28 CMakeFiles/pico_synth.dir/home/vscode/pico-sdk/src/rp2_common/pico_runtime/runtime.c.o
                0x0000000010002d58                runtime_run_initializers
 .text.runtime_run_per_core_initializers
                0x0000000010002d80       0x28 CMakeFiles/pico_synth.dir/home/vscode/pico-sdk/src/rp2_common/pico_runtime/runtime.c.o
                0x0000000010002d80                runtime_run_per_core_initializers
 .text.runtime_init_early_resets
                0x0000000010002da8       0x2c CMakeFiles/pico_synth.dir/home/vscode/pico-sdk/src/rp2_common/pico_runtime_init/runtime_init.c.o
                0x0000000010002da8                runtime_init_early_resets
 .text.runtime_init_usb_power_down
                0x0000000010002dd4       0x1c CMakeFiles/pico_synth.dir/home/vscode/pico-sdk/src/rp2_common/pico_runtime_init/runtime_init.c.o
                0x0000000010002dd4                runtime_init_usb_power_down
 .text.runtime_init_post_clock_resets
                0x0000000010002df0       0x20 CMakeFiles/pico_synth.dir/home/vscode/pico-sdk/src/rp2_common/pico_runtime_init/runtime_init.c.o
                0x0000000010002df0                runtime_init_post_clock_resets
 .text.runtime_init_rp2040_gpio_ie_disable
                0x0000000010002e10       0x14 CMakeFiles/pico_synth.dir/home/vscode/pico-sdk/src/rp2_common/pico_runtime_init/runtime_init.c.o
                0x0000000010002e10                runtime_init_rp2040_gpio_ie_disable
 .text.runtime_init_spin_locks_reset
                0x0000000010002e24        0x8 CMakeFiles/pico_synth.dir/home/vscode/pico-sdk/src/rp2_common/pico_runtime_init/runtime_init.c.o
                0x0000000010002e24                runtime_init_spin_locks_reset
 .text.runtime_init_install_ram_vector_table
                0x0000000010002e2c       0xcc CMakeFiles/pico_synth.dir/home/vscode/pico-sdk/src/rp2_common/pico_runtime_init/runtime_init.c.o
                0x0000000010002e2c                runtime_init_install_ram_vector_table
 .text.runtime_init_clocks
                0x0000000010002ef8       0xd8 CMakeFiles/pico_synth.dir/home/vscode/pico-sdk/src/rp2_common/pico_runtime_init/runtime_init_clocks.c.o
                0x0000000010002ef8                runtime_init_clocks
 .text          0x0000000010002fd0       0x10 CMakeFiles/pico_synth.dir/home/vscode/pico-sdk/src/rp2_common/pico_bit_ops/bit_ops_aeabi.S.o
 .text.__wrap___aeabi_uidiv
                0x0000000010002fe0       0x4c CMakeFiles/pico_synth.dir/home/vscode/pico-sdk/src/rp2_common/pico_divider/divider_hardware.S.o
                0x0000000010002fe0                __wrap___aeabi_uidiv
                0x0000000010002fe0                __wrap___aeabi_uidivmod
                0x0000000010002fe0                div_u32u32
                0x0000000010002fe0                divmod_u32u32
                0x0000000010002fe8                divmod_u32u32_unsafe
                0x0000000010003010                divmod_u32u32_savestate
 .text.__wrap___aeabi_ldiv
                0x000000001000302c      0x424 CMakeFiles/pico_synth.dir/home/vscode/pico-sdk/src/rp2_common/pico_divider/divider_hardware.S.o
                0x000000001000302c                div_s64s64
                0x000000001000302c                divmod_s64s64
                0x000000001000302c                __wrap___aeabi_ldivmod
                0x000000001000305c                div_u64u64
                0x000000001000305c                divmod_u64u64
                0x000000001000305c                __wrap___aeabi_uldivmod
                0x000000001000306c                divmod_u64u64_savestate
                0x000000001000308c                divmod_s64s64_unsafe
                0x0000000010003114                divmod_u64u64_unsafe
 .text.__wrap___aeabi_darithmetic
                0x0000000010003450       0x80 CMakeFiles/pico_synth.dir/home/vscode/pico-sdk/src/rp2_common/pico_double/double_aeabi_rp2040.S.o
                0x0000000010003450                __wrap___aeabi_drsub
                0x0000000010003456                __wrap___aeabi_dsub
                0x0000000010003468                __wrap___aeabi_dadd
                0x000000001000347a                __wrap___aeabi_ddiv
                0x00000000100034b6                __wrap___aeabi_dmul
 .text.__wrap___aeabi_d2f
                0x00000000100034d0       0x18 CMakeFiles/pico_synth.dir/home/vscode/pico-sdk/src/rp2_common/pico_double/double_aeabi_rp2040.S.o
                0x00000000100034d0                __wrap___aeabi_d2f
 .text.__wrap_exp
                0x00000000100034e8       0x18 CMakeFiles/pico_synth.dir/home/vscode/pico-sdk/src/rp2_common/pico_double/double_aeabi_rp2040.S.o
                0x00000000100034e8                __wrap_exp
 .text.__wrap_log
                0x0000000010003500       0x18 CMakeFiles/pico_synth.dir/home/vscode/pico-sdk/src/rp2_common/pico_double/double_aeabi_rp2040.S.o
                0x0000000010003500                __wrap_log
 .text.__aeabi_double_init
                0x0000000010003518       0xa0 CMakeFiles/pico_synth.dir/home/vscode/pico-sdk/src/rp2_common/pico_double/double_init_rom_rp2040.c.o
                0x0000000010003518                __aeabi_double_init
 .text.double_table_shim_on_use_helper
                0x00000000100035b8       0x2c CMakeFiles/pico_synth.dir/home/vscode/pico-sdk/src/rp2_common/pico_double/double_v1_rom_shim_rp2040.S.o
                0x00000000100035b8                double_table_shim_on_use_helper
 .text.__wrap___aeabi_dsub
                0x00000000100035e4       0x10 CMakeFiles/pico_synth.dir/home/vscode/pico-sdk/src/rp2_common/pico_double/double_v1_rom_shim_rp2040.S.o
                0x00000000100035e4                drsub_shim
                0x00000000100035ea                dsub_shim
 .text.dadd_shim
                0x00000000100035f4      0x15c CMakeFiles/pico_synth.dir/home/vscode/pico-sdk/src/rp2_common/pico_double/double_v1_rom_shim_rp2040.S.o
                0x00000000100035f4                dadd_shim
 .text.dmul_shim
                0x0000000010003750      0x15c CMakeFiles/pico_synth.dir/home/vscode/pico-sdk/src/rp2_common/pico_double/double_v1_rom_shim_rp2040.S.o
                0x0000000010003750                dmul_shim
 .text.ddiv_shim
                0x00000000100038ac      0x1b0 CMakeFiles/pico_synth.dir/home/vscode/pico-sdk/src/rp2_common/pico_double/double_v1_rom_shim_rp2040.S.o
                0x00000000100038ac                ddiv_shim
 .text.double2float_shim
                0x0000000010003a5c       0x5c CMakeFiles/pico_synth.dir/home/vscode/pico-sdk/src/rp2_common/pico_double/double_v1_rom_shim_rp2040.S.o
                0x0000000010003a5c                double2float_shim
 .text.x2double_shims
                0x0000000010003ab8       0x90 CMakeFiles/pico_synth.dir/home/vscode/pico-sdk/src/rp2_common/pico_double/double_v1_rom_shim_rp2040.S.o
                0x0000000010003ab8                uint2double_shim
                0x0000000010003aba                ufix2double_shim
                0x0000000010003ac0                int2double_shim
                0x0000000010003ac2                fix2double_shim
                0x0000000010003ac8                uint642double_shim
                0x0000000010003aca                ufix642double_shim
                0x0000000010003ad0                int642double_shim
                0x0000000010003ad2                fix642double_shim
 .text.dunpacks
                0x0000000010003b48       0x3c CMakeFiles/pico_synth.dir/home/vscode/pico-sdk/src/rp2_common/pico_double/double_v1_rom_shim_rp2040.S.o
                0x0000000010003b48                dunpacks
 .text.dreduce  0x0000000010003b84       0x82 CMakeFiles/pico_synth.dir/home/vscode/pico-sdk/src/rp2_common/pico_double/double_v1_rom_shim_rp2040.S.o
                0x0000000010003b84                dreduce
 *fill*         0x0000000010003c06        0x2 
 .text.dexp_guts
                0x0000000010003c08      0x268 CMakeFiles/pico_synth.dir/home/vscode/pico-sdk/src/rp2_common/pico_double/double_v1_rom_shim_rp2040.S.o
                0x0000000010003c08                dexp_shim
                0x0000000010003ca4                dln_shim
 .text.__aeabi_lmul
                0x0000000010003e70       0x32 CMakeFiles/pico_synth.dir/home/vscode/pico-sdk/src/rp2_common/pico_int64_ops/pico_int64_ops_aeabi.S.o
                0x0000000010003e70                __wrap___aeabi_lmul
 *fill*         0x0000000010003ea2        0x2 
 .text.__wrap___aeabi_farithmetic
                0x0000000010003ea4       0x48 CMakeFiles/pico_synth.dir/home/vscode/pico-sdk/src/rp2_common/pico_float/float_aeabi_rp2040.S.o
                0x0000000010003ea4                __wrap___aeabi_frsub
                0x0000000010003eaa                __wrap___aeabi_fsub
                0x0000000010003eb0                __wrap___aeabi_fadd
                0x0000000010003eb6                __wrap___aeabi_fdiv
                0x0000000010003ede                __wrap___aeabi_fmul
 .text.__wrap___aeabi_cfcmple
                0x0000000010003eec       0x50 CMakeFiles/pico_synth.dir/home/vscode/pico-sdk/src/rp2_common/pico_float/float_aeabi_rp2040.S.o
                0x0000000010003eec                __wrap___aeabi_cfrcmple
                0x0000000010003ef8                __wrap___aeabi_cfcmpeq
                0x0000000010003ef8                __wrap___aeabi_cfcmple
 .text.__wrap___aeabi_fcmpeq
                0x0000000010003f3c       0x10 CMakeFiles/pico_synth.dir/home/vscode/pico-sdk/src/rp2_common/pico_float/float_aeabi_rp2040.S.o
                0x0000000010003f3c                __wrap___aeabi_fcmpeq
 .text.__wrap___aeabi_fcmplt
                0x0000000010003f4c        0xc CMakeFiles/pico_synth.dir/home/vscode/pico-sdk/src/rp2_common/pico_float/float_aeabi_rp2040.S.o
                0x0000000010003f4c                __wrap___aeabi_fcmplt
 .text.__wrap___aeabi_fcmple
                0x0000000010003f58       0x10 CMakeFiles/pico_synth.dir/home/vscode/pico-sdk/src/rp2_common/pico_float/float_aeabi_rp2040.S.o
                0x0000000010003f58                __wrap___aeabi_fcmple
 .text.__wrap___aeabi_fcmpge
                0x0000000010003f68       0x10 CMakeFiles/pico_synth.dir/home/vscode/pico-sdk/src/rp2_common/pico_float/float_aeabi_rp2040.S.o
                0x0000000010003f68                __wrap___aeabi_fcmpge
 .text.__wrap___aeabi_fcmpgt
                0x0000000010003f78        0xa CMakeFiles/pico_synth.dir/home/vscode/pico-sdk/src/rp2_common/pico_float/float_aeabi_rp2040.S.o
                0x0000000010003f78                __wrap___aeabi_fcmpgt
 .text.__wrap___aeabi_ui2f
                0x0000000010003f82        0xa CMakeFiles/pico_synth.dir/home/vscode/pico-sdk/src/rp2_common/pico_float/float_aeabi_rp2040.S.o
                0x0000000010003f82                uint2float
                0x0000000010003f82                __wrap___aeabi_ui2f
 .text.__wrap___aeabi_i2f
                0x0000000010003f8c       0x44 CMakeFiles/pico_synth.dir/home/vscode/pico-sdk/src/rp2_common/pico_float/float_aeabi_rp2040.S.o
                0x0000000010003f8c                int2float
                0x0000000010003f8c                __wrap___aeabi_i2f
 .text.__wrap___aeabi_f2iz
                0x0000000010003fd0       0x4e CMakeFiles/pico_synth.dir/home/vscode/pico-sdk/src/rp2_common/pico_float/float_aeabi_rp2040.S.o
                0x0000000010003fd0                __wrap___aeabi_f2iz
                0x0000000010003fd0                float2int_z
 *fill*         0x000000001000401e        0x2 
 .text.float2int
                0x0000000010004020       0x14 CMakeFiles/pico_synth.dir/home/vscode/pico-sdk/src/rp2_common/pico_float/float_aeabi_rp2040.S.o
                0x0000000010004020                float2int
 .text.__wrap___aeabi_f2uiz
                0x0000000010004034        0xc CMakeFiles/pico_synth.dir/home/vscode/pico-sdk/src/rp2_common/pico_float/float_aeabi_rp2040.S.o
                0x0000000010004034                float2uint
                0x0000000010004034                float2uint_z
                0x0000000010004034                __wrap___aeabi_f2uiz
 .text.fix2float
                0x0000000010004040        0xc CMakeFiles/pico_synth.dir/home/vscode/pico-sdk/src/rp2_common/pico_float/float_aeabi_rp2040.S.o
                0x0000000010004040                fix2float
 .text.__wrap___aeabi_f2d
                0x000000001000404c       0x14 CMakeFiles/pico_synth.dir/home/vscode/pico-sdk/src/rp2_common/pico_float/float_aeabi_rp2040.S.o
                0x000000001000404c                __wrap___aeabi_f2d
 .text.__wrap_cosf
                0x0000000010004060       0x24 CMakeFiles/pico_synth.dir/home/vscode/pico-sdk/src/rp2_common/pico_float/float_aeabi_rp2040.S.o
                0x0000000010004060                __wrap_cosf
 .text.__wrap_sinf
                0x0000000010004084       0x24 CMakeFiles/pico_synth.dir/home/vscode/pico-sdk/src/rp2_common/pico_float/float_aeabi_rp2040.S.o
                0x0000000010004084                __wrap_sinf
 .text.__aeabi_float_init
                0x00000000100040a8       0x64 CMakeFiles/pico_synth.dir/home/vscode/pico-sdk/src/rp2_common/pico_float/float_init_rom_rp2040.c.o
                0x00000000100040a8                __aeabi_float_init
 .text.fpow_int2
                0x000000001000410c       0xd4 CMakeFiles/pico_synth.dir/home/vscode/pico-sdk/src/rp2_common/pico_float/float_math.c.o
 .text.fpow_0   0x00000000100041e0       0xf8 CMakeFiles/pico_synth.dir/home/vscode/pico-sdk/src/rp2_common/pico_float/float_math.c.o
 .text.__wrap_powf
                0x00000000100042d8      0x1ac CMakeFiles/pico_synth.dir/home/vscode/pico-sdk/src/rp2_common/pico_float/float_math.c.o
                0x00000000100042d8                __wrap_powf
 .text.__wrap_remquof
                0x0000000010004484      0x14c CMakeFiles/pico_synth.dir/home/vscode/pico-sdk/src/rp2_common/pico_float/float_math.c.o
                0x0000000010004484                __wrap_remquof
 .text.__wrap_remainderf
                0x00000000100045d0        0xc CMakeFiles/pico_synth.dir/home/vscode/pico-sdk/src/rp2_common/pico_float/float_math.c.o
                0x00000000100045d0                __wrap_remainderf
 .text.float_table_shim_on_use_helper
                0x00000000100045dc       0x2c CMakeFiles/pico_synth.dir/home/vscode/pico-sdk/src/rp2_common/pico_float/float_v1_rom_shim_rp2040.S.o
                0x00000000100045dc                float_table_shim_on_use_helper
 .text.float232_shims
                0x0000000010004608       0x18 CMakeFiles/pico_synth.dir/home/vscode/pico-sdk/src/rp2_common/pico_float/float_v1_rom_shim_rp2040.S.o
                0x0000000010004608                float2int_shim
                0x000000001000460a                float2fix_shim
 .text.float2double_shim
                0x0000000010004620       0x30 CMakeFiles/pico_synth.dir/home/vscode/pico-sdk/src/rp2_common/pico_float/float_v1_rom_shim_rp2040.S.o
                0x0000000010004620                float2double_shim
 .text          0x0000000010004650       0x10 CMakeFiles/pico_synth.dir/home/vscode/pico-sdk/src/rp2_common/pico_mem_ops/mem_ops_aeabi.S.o
                0x0000000010004650                __aeabi_mem_init
 .text.memset   0x0000000010004660        0xc CMakeFiles/pico_synth.dir/home/vscode/pico-sdk/src/rp2_common/pico_mem_ops/mem_ops_aeabi.S.o
                0x0000000010004660                __wrap_memset
 .text.memcpy   0x000000001000466c        0xc CMakeFiles/pico_synth.dir/home/vscode/pico-sdk/src/rp2_common/pico_mem_ops/mem_ops_aeabi.S.o
                0x000000001000466c                __wrap___aeabi_memcpy
                0x000000001000466c                __wrap_memcpy
 .text._out_char
                0x0000000010004678       0x10 CMakeFiles/pico_synth.dir/home/vscode/pico-sdk/src/rp2_common/pico_printf/printf.c.o
 .text.weak_raw_vprintf
                0x0000000010004688       0x30 CMakeFiles/pico_synth.dir/home/vscode/pico-sdk/src/rp2_common/pico_printf/printf.c.o
                0x0000000010004688                weak_raw_vprintf
 .text._exit    0x00000000100046b8        0x4 CMakeFiles/pico_synth.dir/home/vscode/pico-sdk/src/rp2_common/pico_clib_interface/newlib_interface.c.o
                0x00000000100046b8                _exit
 .text.exit     0x00000000100046bc        0x8 CMakeFiles/pico_synth.dir/home/vscode/pico-sdk/src/rp2_common/pico_clib_interface/newlib_interface.c.o
                0x00000000100046bc                exit
 .text.runtime_init
                0x00000000100046c4       0x2c CMakeFiles/pico_synth.dir/home/vscode/pico-sdk/src/rp2_common/pico_clib_interface/newlib_interface.c.o
                0x00000000100046c4                runtime_init
 .text.stdio_out_chars_no_crlf
                0x00000000100046f0       0x10 CMakeFiles/pico_synth.dir/home/vscode/pico-sdk/src/rp2_common/pico_stdio/stdio.c.o
 .text.stdio_out_chars_crlf
                0x0000000010004700       0xb4 CMakeFiles/pico_synth.dir/home/vscode/pico-sdk/src/rp2_common/pico_stdio/stdio.c.o
 .text.stdio_put_string
                0x00000000100047b4      0x100 CMakeFiles/pico_synth.dir/home/vscode/pico-sdk/src/rp2_common/pico_stdio/stdio.c.o
                0x00000000100047b4                stdio_put_string
 .text.stdio_set_driver_enabled
                0x00000000100048b4       0x30 CMakeFiles/pico_synth.dir/home/vscode/pico-sdk/src/rp2_common/pico_stdio/stdio.c.o
                0x00000000100048b4                stdio_set_driver_enabled
 .text.stdio_init_all
                0x00000000100048e4        0xc CMakeFiles/pico_synth.dir/home/vscode/pico-sdk/src/rp2_common/pico_stdio/stdio.c.o
                0x00000000100048e4                stdio_init_all
 .text.__wrap_putchar
                0x00000000100048f0       0x98 CMakeFiles/pico_synth.dir/home/vscode/pico-sdk/src/rp2_common/pico_stdio/stdio.c.o
                0x00000000100048f0                stdio_putchar
                0x00000000100048f0                __wrap_putchar
 .text.__wrap_puts
                0x0000000010004988       0x3c CMakeFiles/pico_synth.dir/home/vscode/pico-sdk/src/rp2_common/pico_stdio/stdio.c.o
                0x0000000010004988                __wrap_puts
                0x0000000010004988                stdio_puts
 .text.stdio_uart_out_chars
                0x00000000100049c4       0x4c CMakeFiles/pico_synth.dir/home/vscode/pico-sdk/src/rp2_common/pico_stdio_uart/stdio_uart.c.o
 .text.stdio_uart_in_chars
                0x0000000010004a10       0x84 CMakeFiles/pico_synth.dir/home/vscode/pico-sdk/src/rp2_common/pico_stdio_uart/stdio_uart.c.o
                0x0000000010004a10                stdio_uart_in_chars
 .text.on_uart_rx
                0x0000000010004a94       0x28 CMakeFiles/pico_synth.dir/home/vscode/pico-sdk/src/rp2_common/pico_stdio_uart/stdio_uart.c.o
 .text.stdio_uart_out_flush
                0x0000000010004abc       0x14 CMakeFiles/pico_synth.dir/home/vscode/pico-sdk/src/rp2_common/pico_stdio_uart/stdio_uart.c.o
 .text.stdio_uart_set_chars_available_callback
                0x0000000010004ad0       0x88 CMakeFiles/pico_synth.dir/home/vscode/pico-sdk/src/rp2_common/pico_stdio_uart/stdio_uart.c.o
 .text.stdio_uart_init
                0x0000000010004b58       0x50 CMakeFiles/pico_synth.dir/home/vscode/pico-sdk/src/rp2_common/pico_stdio_uart/stdio_uart.c.o
                0x0000000010004b58                stdio_uart_init
 .text.core1_trampoline
                0x0000000010004ba8        0x4 CMakeFiles/pico_synth.dir/home/vscode/pico-sdk/src/rp2_common/pico_multicore/multicore.c.o
 .text.core1_wrapper
                0x0000000010004bac        0xc CMakeFiles/pico_synth.dir/home/vscode/pico-sdk/src/rp2_common/pico_multicore/multicore.c.o
                0x0000000010004bac                core1_wrapper
 .text.multicore_launch_core1_raw
                0x0000000010004bb8       0x84 CMakeFiles/pico_synth.dir/home/vscode/pico-sdk/src/rp2_common/pico_multicore/multicore.c.o
                0x0000000010004bb8                multicore_launch_core1_raw
 .text.multicore_launch_core1
                0x0000000010004c3c       0x4c CMakeFiles/pico_synth.dir/home/vscode/pico-sdk/src/rp2_common/pico_multicore/multicore.c.o
                0x0000000010004c3c                multicore_launch_core1
 .text.adc_init
                0x0000000010004c88       0x38 CMakeFiles/pico_synth.dir/home/vscode/pico-sdk/src/rp2_common/hardware_adc/adc.c.o
                0x0000000010004c88                adc_init
 .text.dma_claim_unused_channel
                0x0000000010004cc0       0x20 CMakeFiles/pico_synth.dir/home/vscode/pico-sdk/src/rp2_common/hardware_dma/dma.c.o
                0x0000000010004cc0                dma_claim_unused_channel
 .text.pio_add_program
                0x0000000010004ce0       0xf4 CMakeFiles/pico_synth.dir/home/vscode/pico-sdk/src/rp2_common/hardware_pio/pio.c.o
                0x0000000010004ce0                pio_add_program
 .text.pio_sm_set_consecutive_pindirs
                0x0000000010004dd4       0xbc CMakeFiles/pico_synth.dir/home/vscode/pico-sdk/src/rp2_common/hardware_pio/pio.c.o
                0x0000000010004dd4                pio_sm_set_consecutive_pindirs
 .text.pio_sm_init
                0x0000000010004e90       0x94 CMakeFiles/pico_synth.dir/home/vscode/pico-sdk/src/rp2_common/hardware_pio/pio.c.o
                0x0000000010004e90                pio_sm_init
 .text.dcd_init
                0x0000000010004f24       0x90 CMakeFiles/pico_synth.dir/home/vscode/pico-sdk/lib/tinyusb/src/portable/raspberrypi/rp2040/dcd_rp2040.c.o
                0x0000000010004f24                dcd_init
 .text.dcd_int_enable
                0x0000000010004fb4        0xc CMakeFiles/pico_synth.dir/home/vscode/pico-sdk/lib/tinyusb/src/portable/raspberrypi/rp2040/dcd_rp2040.c.o
                0x0000000010004fb4                dcd_int_enable
 .text.dcd_set_address
                0x0000000010004fc0       0x14 CMakeFiles/pico_synth.dir/home/vscode/pico-sdk/lib/tinyusb/src/portable/raspberrypi/rp2040/dcd_rp2040.c.o
                0x0000000010004fc0                dcd_set_address
 .text.dcd_sof_enable
                0x0000000010004fd4       0x1c CMakeFiles/pico_synth.dir/home/vscode/pico-sdk/lib/tinyusb/src/portable/raspberrypi/rp2040/dcd_rp2040.c.o
                0x0000000010004fd4                dcd_sof_enable
 .text.dcd_edpt0_status_complete
                0x0000000010004ff0       0x1c CMakeFiles/pico_synth.dir/home/vscode/pico-sdk/lib/tinyusb/src/portable/raspberrypi/rp2040/dcd_rp2040.c.o
                0x0000000010004ff0                dcd_edpt0_status_complete
 .text.dcd_edpt_open
                0x000000001000500c      0x114 CMakeFiles/pico_synth.dir/home/vscode/pico-sdk/lib/tinyusb/src/portable/raspberrypi/rp2040/dcd_rp2040.c.o
                0x000000001000500c                dcd_edpt_open
 .text.dcd_edpt_close_all
                0x0000000010005120        0x8 CMakeFiles/pico_synth.dir/home/vscode/pico-sdk/lib/tinyusb/src/portable/raspberrypi/rp2040/dcd_rp2040.c.o
                0x0000000010005120                dcd_edpt_close_all
 .text.dcd_edpt_xfer
                0x0000000010005128       0x24 CMakeFiles/pico_synth.dir/home/vscode/pico-sdk/lib/tinyusb/src/portable/raspberrypi/rp2040/dcd_rp2040.c.o
                0x0000000010005128                dcd_edpt_xfer
 .text.dcd_edpt_stall
                0x000000001000514c       0x38 CMakeFiles/pico_synth.dir/home/vscode/pico-sdk/lib/tinyusb/src/portable/raspberrypi/rp2040/dcd_rp2040.c.o
                0x000000001000514c                dcd_edpt_stall
 .text.dcd_edpt_clear_stall
                0x0000000010005184       0x30 CMakeFiles/pico_synth.dir/home/vscode/pico-sdk/lib/tinyusb/src/portable/raspberrypi/rp2040/dcd_rp2040.c.o
                0x0000000010005184                dcd_edpt_clear_stall
 .text.rp2040_usb_init
                0x00000000100051b4       0x40 CMakeFiles/pico_synth.dir/home/vscode/pico-sdk/lib/tinyusb/src/portable/raspberrypi/rp2040/rp2040_usb.c.o
                0x00000000100051b4                rp2040_usb_init
 .text.hw_endpoint_xfer_start
                0x00000000100051f4       0x50 CMakeFiles/pico_synth.dir/home/vscode/pico-sdk/lib/tinyusb/src/portable/raspberrypi/rp2040/rp2040_usb.c.o
                0x00000000100051f4                hw_endpoint_xfer_start
 .text.tud_vendor_control_xfer_cb
                0x0000000010005244        0x4 CMakeFiles/pico_synth.dir/home/vscode/pico-sdk/lib/tinyusb/src/device/usbd.c.o
                0x0000000010005244                tud_vendor_control_xfer_cb
 .text.tud_event_hook_cb
                0x0000000010005248        0x4 CMakeFiles/pico_synth.dir/home/vscode/pico-sdk/lib/tinyusb/src/device/usbd.c.o
                0x0000000010005248                tud_event_hook_cb
 .text.tud_sof_cb
                0x000000001000524c        0x4 CMakeFiles/pico_synth.dir/home/vscode/pico-sdk/lib/tinyusb/src/device/usbd.c.o
                0x000000001000524c                tud_sof_cb
 .text.tud_descriptor_bos_cb
                0x0000000010005250        0x4 CMakeFiles/pico_synth.dir/home/vscode/pico-sdk/lib/tinyusb/src/device/usbd.c.o
                0x0000000010005250                tud_descriptor_bos_cb
 .text.tud_descriptor_device_qualifier_cb
                0x0000000010005254        0x4 CMakeFiles/pico_synth.dir/home/vscode/pico-sdk/lib/tinyusb/src/device/usbd.c.o
                0x0000000010005254                tud_descriptor_device_qualifier_cb
 .text.tud_descriptor_other_speed_configuration_cb
                0x0000000010005258        0x4 CMakeFiles/pico_synth.dir/home/vscode/pico-sdk/lib/tinyusb/src/device/usbd.c.o
                0x0000000010005258                tud_descriptor_other_speed_configuration_cb
 .text.tud_mount_cb
                0x000000001000525c        0x4 CMakeFiles/pico_synth.dir/home/vscode/pico-sdk/lib/tinyusb/src/device/usbd.c.o
                0x000000001000525c                tud_mount_cb
 .text.tud_umount_cb
                0x0000000010005260        0x4 CMakeFiles/pico_synth.dir/home/vscode/pico-sdk/lib/tinyusb/src/device/usbd.c.o
                0x0000000010005260                tud_umount_cb
 .text.tud_suspend_cb
                0x0000000010005264        0x4 CMakeFiles/pico_synth.dir/home/vscode/pico-sdk/lib/tinyusb/src/device/usbd.c.o
                0x0000000010005264                tud_suspend_cb
 .text.tud_resume_cb
                0x0000000010005268        0x4 CMakeFiles/pico_synth.dir/home/vscode/pico-sdk/lib/tinyusb/src/device/usbd.c.o
                0x0000000010005268                tud_resume_cb
 .text.tud_rhport_init
                0x000000001000526c       0xf0 CMakeFiles/pico_synth.dir/home/vscode/pico-sdk/lib/tinyusb/src/device/usbd.c.o
                0x000000001000526c                tud_rhport_init
 .text.tud_task_ext
                0x000000001000535c      0x7bc CMakeFiles/pico_synth.dir/home/vscode/pico-sdk/lib/tinyusb/src/device/usbd.c.o
                0x000000001000535c                tud_task_ext
 .text.usbd_edpt_open
                0x0000000010005b18       0x34 CMakeFiles/pico_synth.dir/home/vscode/pico-sdk/lib/tinyusb/src/device/usbd.c.o
                0x0000000010005b18                usbd_edpt_open
 .text.usbd_edpt_claim
                0x0000000010005b4c       0x28 CMakeFiles/pico_synth.dir/home/vscode/pico-sdk/lib/tinyusb/src/device/usbd.c.o
                0x0000000010005b4c                usbd_edpt_claim
 .text.usbd_edpt_release
                0x0000000010005b74       0x28 CMakeFiles/pico_synth.dir/home/vscode/pico-sdk/lib/tinyusb/src/device/usbd.c.o
                0x0000000010005b74                usbd_edpt_release
 .text.usbd_edpt_xfer
                0x0000000010005b9c       0x4c CMakeFiles/pico_synth.dir/home/vscode/pico-sdk/lib/tinyusb/src/device/usbd.c.o
                0x0000000010005b9c                usbd_edpt_xfer
 .text.tud_control_status
                0x0000000010005be8       0x30 CMakeFiles/pico_synth.dir/home/vscode/pico-sdk/lib/tinyusb/src/device/usbd_control.c.o
                0x0000000010005be8                tud_control_status
 .text.tud_control_xfer
                0x0000000010005c18       0xbc CMakeFiles/pico_synth.dir/home/vscode/pico-sdk/lib/tinyusb/src/device/usbd_control.c.o
                0x0000000010005c18                tud_control_xfer
 .text.usbd_control_reset
                0x0000000010005cd4       0x14 CMakeFiles/pico_synth.dir/home/vscode/pico-sdk/lib/tinyusb/src/device/usbd_control.c.o
                0x0000000010005cd4                usbd_control_reset
 .text.usbd_control_set_complete_callback
                0x0000000010005ce8        0xc CMakeFiles/pico_synth.dir/home/vscode/pico-sdk/lib/tinyusb/src/device/usbd_control.c.o
                0x0000000010005ce8                usbd_control_set_complete_callback
 .text.usbd_control_set_request
                0x0000000010005cf4       0x1c CMakeFiles/pico_synth.dir/home/vscode/pico-sdk/lib/tinyusb/src/device/usbd_control.c.o
                0x0000000010005cf4                usbd_control_set_request
 .text.usbd_control_xfer_cb
                0x0000000010005d10       0xf0 CMakeFiles/pico_synth.dir/home/vscode/pico-sdk/lib/tinyusb/src/device/usbd_control.c.o
                0x0000000010005d10                usbd_control_xfer_cb
 .text.tud_midi_n_available
                0x0000000010005e00       0x24 CMakeFiles/pico_synth.dir/home/vscode/pico-sdk/lib/tinyusb/src/class/midi/midi_device.c.o
                0x0000000010005e00                tud_midi_n_available
 .text.tud_midi_n_packet_read
                0x0000000010005e24       0x74 CMakeFiles/pico_synth.dir/home/vscode/pico-sdk/lib/tinyusb/src/class/midi/midi_device.c.o
                0x0000000010005e24                tud_midi_n_packet_read
 .text.midid_init
                0x0000000010005e98       0x5c CMakeFiles/pico_synth.dir/home/vscode/pico-sdk/lib/tinyusb/src/class/midi/midi_device.c.o
                0x0000000010005e98                midid_init
 .text.midid_deinit
                0x0000000010005ef4       0x24 CMakeFiles/pico_synth.dir/home/vscode/pico-sdk/lib/tinyusb/src/class/midi/midi_device.c.o
                0x0000000010005ef4                midid_deinit
 .text.midid_reset
                0x0000000010005f18       0x24 CMakeFiles/pico_synth.dir/home/vscode/pico-sdk/lib/tinyusb/src/class/midi/midi_device.c.o
                0x0000000010005f18                midid_reset
 .text.midid_open
                0x0000000010005f3c      0x124 CMakeFiles/pico_synth.dir/home/vscode/pico-sdk/lib/tinyusb/src/class/midi/midi_device.c.o
                0x0000000010005f3c                midid_open
 .text.midid_control_xfer_cb
                0x0000000010006060        0x4 CMakeFiles/pico_synth.dir/home/vscode/pico-sdk/lib/tinyusb/src/class/midi/midi_device.c.o
                0x0000000010006060                midid_control_xfer_cb
 .text.midid_xfer_cb
                0x0000000010006064      0x108 CMakeFiles/pico_synth.dir/home/vscode/pico-sdk/lib/tinyusb/src/class/midi/midi_device.c.o
                0x0000000010006064                midid_xfer_cb
 .text.tusb_rhport_init
                0x000000001000616c       0x48 CMakeFiles/pico_synth.dir/home/vscode/pico-sdk/lib/tinyusb/src/tusb.c.o
                0x000000001000616c                tusb_rhport_init
 .text.tu_edpt_claim
                0x00000000100061b4       0x50 CMakeFiles/pico_synth.dir/home/vscode/pico-sdk/lib/tinyusb/src/tusb.c.o
                0x00000000100061b4                tu_edpt_claim
 .text.tu_edpt_release
                0x0000000010006204       0x38 CMakeFiles/pico_synth.dir/home/vscode/pico-sdk/lib/tinyusb/src/tusb.c.o
                0x0000000010006204                tu_edpt_release
 .text.tu_edpt_validate
                0x000000001000623c       0x78 CMakeFiles/pico_synth.dir/home/vscode/pico-sdk/lib/tinyusb/src/tusb.c.o
                0x000000001000623c                tu_edpt_validate
 .text.tu_edpt_bind_driver
                0x00000000100062b4       0x34 CMakeFiles/pico_synth.dir/home/vscode/pico-sdk/lib/tinyusb/src/tusb.c.o
                0x00000000100062b4                tu_edpt_bind_driver
 .text.tu_fifo_config
                0x00000000100062e8       0x70 CMakeFiles/pico_synth.dir/home/vscode/pico-sdk/lib/tinyusb/src/common/tusb_fifo.c.o
                0x00000000100062e8                tu_fifo_config
 .text.tu_fifo_count
                0x0000000010006358       0x2c CMakeFiles/pico_synth.dir/home/vscode/pico-sdk/lib/tinyusb/src/common/tusb_fifo.c.o
                0x0000000010006358                tu_fifo_count
 .text.tu_fifo_remaining
                0x0000000010006384       0x2c CMakeFiles/pico_synth.dir/home/vscode/pico-sdk/lib/tinyusb/src/common/tusb_fifo.c.o
                0x0000000010006384                tu_fifo_remaining
 .text.tu_fifo_read
                0x00000000100063b0       0xa0 CMakeFiles/pico_synth.dir/home/vscode/pico-sdk/lib/tinyusb/src/common/tusb_fifo.c.o
                0x00000000100063b0                tu_fifo_read
 .text.tu_fifo_read_n
                0x0000000010006450       0xec CMakeFiles/pico_synth.dir/home/vscode/pico-sdk/lib/tinyusb/src/common/tusb_fifo.c.o
                0x0000000010006450                tu_fifo_read_n
 .text.tu_fifo_write
                0x000000001000653c       0x88 CMakeFiles/pico_synth.dir/home/vscode/pico-sdk/lib/tinyusb/src/common/tusb_fifo.c.o
                0x000000001000653c                tu_fifo_write
 .text.tu_fifo_write_n
                0x00000000100065c4      0x168 CMakeFiles/pico_synth.dir/home/vscode/pico-sdk/lib/tinyusb/src/common/tusb_fifo.c.o
                0x00000000100065c4                tu_fifo_write_n
 .text.tu_fifo_clear
                0x000000001000672c       0x40 CMakeFiles/pico_synth.dir/home/vscode/pico-sdk/lib/tinyusb/src/common/tusb_fifo.c.o
                0x000000001000672c                tu_fifo_clear
 .text.startup._retrieve_unique_id_on_boot
                0x000000001000676c       0x10 CMakeFiles/pico_synth.dir/home/vscode/pico-sdk/src/rp2_common/pico_unique_id/unique_id.c.o
 .text.flash_get_unique_id
                0x000000001000677c       0x40 CMakeFiles/pico_synth.dir/home/vscode/pico-sdk/src/rp2_common/hardware_flash/flash.c.o
                0x000000001000677c                flash_get_unique_id
 .text          0x00000000100067bc       0x5c /usr/lib/gcc/arm-none-eabi/10.3.1/../../../arm-none-eabi/lib/thumb/v6-m/nofp/libg.a(lib_a-strlen-stub.o)
                0x00000000100067bc                strlen
 *(.fini)
 .fini          0x0000000010006818        0x4 /usr/lib/gcc/arm-none-eabi/10.3.1/thumb/v6-m/nofp/crti.o
                0x0000000010006818                _fini
 *fill*         0x000000001000681c        0x4 
 .fini.__stub   0x0000000010006820       0xc0 linker stubs
 *crtbegin.o(.ctors)
 *crtbegin?.o(.ctors)
 *(EXCLUDE_FILE(*crtend.o *crtend?.o) .ctors)
 *(SORT_BY_NAME(.ctors.*))
 *(.ctors)
 *crtbegin.o(.dtors)
 *crtbegin?.o(.dtors)
 *(EXCLUDE_FILE(*crtend.o *crtend?.o) .dtors)
 *(SORT_BY_NAME(.dtors.*))
 *(.dtors)
                0x00000000100068e0                . = ALIGN (0x4)
                0x00000000100068e0                PROVIDE (__preinit_array_start = .)
 *(SORT_BY_NAME(.preinit_array.*))
 .preinit_array.00100
                0x00000000100068e0        0x4 CMakeFiles/pico_synth.dir/home/vscode/pico-sdk/src/rp2_common/pico_runtime_init/runtime_init.c.o
                0x00000000100068e0                __pre_init_runtime_init_early_resets
 .preinit_array.00101
                0x00000000100068e4        0x4 CMakeFiles/pico_synth.dir/home/vscode/pico-sdk/src/rp2_common/pico_runtime_init/runtime_init.c.o
                0x00000000100068e4                __pre_init_runtime_init_usb_power_down
 .preinit_array.00275
                0x00000000100068e8        0x4 CMakeFiles/pico_synth.dir/home/vscode/pico-sdk/src/rp2_common/pico_bit_ops/bit_ops_aeabi.S.o
 .preinit_array.00300
                0x00000000100068ec        0x4 CMakeFiles/pico_synth.dir/home/vscode/pico-sdk/src/rp2_common/pico_mem_ops/mem_ops_aeabi.S.o
 .preinit_array.00350
                0x00000000100068f0        0x4 CMakeFiles/pico_synth.dir/home/vscode/pico-sdk/src/rp2_common/pico_double/double_aeabi_rp2040.S.o
 .preinit_array.00350
                0x00000000100068f4        0x4 CMakeFiles/pico_synth.dir/home/vscode/pico-sdk/src/rp2_common/pico_float/float_aeabi_rp2040.S.o
 .preinit_array.00500
                0x00000000100068f8        0x4 CMakeFiles/pico_synth.dir/home/vscode/pico-sdk/src/rp2_common/pico_runtime_init/runtime_init.c.o
                0x00000000100068f8                __pre_init_runtime_init_clocks
 .preinit_array.00600
                0x00000000100068fc        0x4 CMakeFiles/pico_synth.dir/home/vscode/pico-sdk/src/rp2_common/pico_runtime_init/runtime_init.c.o
                0x00000000100068fc                __pre_init_runtime_init_post_clock_resets
 .preinit_array.00700
                0x0000000010006900        0x4 CMakeFiles/pico_synth.dir/home/vscode/pico-sdk/src/rp2_common/pico_runtime_init/runtime_init.c.o
                0x0000000010006900                __pre_init_runtime_init_rp2040_gpio_ie_disable
 .preinit_array.01000
                0x0000000010006904        0x4 CMakeFiles/pico_synth.dir/home/vscode/pico-sdk/src/rp2_common/pico_runtime_init/runtime_init.c.o
                0x0000000010006904                __pre_init_runtime_init_spin_locks_reset
 .preinit_array.01100
                0x0000000010006908        0x4 CMakeFiles/pico_synth.dir/home/vscode/pico-sdk/src/common/pico_sync/mutex.c.o
                0x0000000010006908                __pre_init_runtime_init_mutex
 .preinit_array.10080
                0x000000001000690c        0x4 CMakeFiles/pico_synth.dir/home/vscode/pico-sdk/src/rp2_common/pico_runtime_init/runtime_init.c.o
                0x000000001000690c                __pre_init_runtime_init_install_ram_vector_table
 .preinit_array.11000
                0x0000000010006910        0x4 CMakeFiles/pico_synth.dir/home/vscode/pico-sdk/src/common/pico_time/time.c.o
                0x0000000010006910                __pre_init_runtime_init_default_alarm_pool
 .preinit_array.YYYYY
                0x0000000010006914        0x4 CMakeFiles/pico_synth.dir/home/vscode/pico-sdk/src/rp2_common/pico_runtime/runtime.c.o
                0x0000000010006914                __pre_init_first_per_core_initializer
 .preinit_array.ZZZZZ.01200
                0x0000000010006918        0x4 CMakeFiles/pico_synth.dir/home/vscode/pico-sdk/src/rp2_common/hardware_irq/irq.c.o
                0x0000000010006918                __pre_init_runtime_init_per_core_irq_priorities
 *(.preinit_array)
                0x000000001000691c                PROVIDE (__preinit_array_end = .)
                0x000000001000691c                . = ALIGN (0x4)
                0x000000001000691c                PROVIDE (__init_array_start = .)
 *(SORT_BY_NAME(.init_array.*))
 .init_array.01000
                0x000000001000691c        0x4 CMakeFiles/pico_synth.dir/home/vscode/pico-sdk/src/rp2_common/pico_unique_id/unique_id.c.o
 *(.init_array)
 .init_array    0x0000000010006920        0x4 /usr/lib/gcc/arm-none-eabi/10.3.1/thumb/v6-m/nofp/crtbegin.o
                0x0000000010006924                PROVIDE (__init_array_end = .)
                0x0000000010006924                . = ALIGN (0x4)
                0x0000000010006924                PROVIDE (__fini_array_start = .)
 *(SORT_BY_NAME(.fini_array.*))
 *(.fini_array)
                0x0000000010006924                PROVIDE (__fini_array_end = .)
 *(.eh_frame*)
 .eh_frame      0x0000000010006924        0x0 /usr/lib/gcc/arm-none-eabi/10.3.1/thumb/v6-m/nofp/crtbegin.o
                0x0000000010006924                . = ALIGN (0x4)

.glue_7         0x0000000010006924        0x0
 .glue_7        0x0000000010006924        0x0 linker stubs

.glue_7t        0x0000000010006924        0x0
 .glue_7t       0x0000000010006924        0x0 linker stubs

.vfp11_veneer   0x0000000010006924        0x0
 .vfp11_veneer  0x0000000010006924        0x0 linker stubs

.v4_bx          0x0000000010006924        0x0
 .v4_bx         0x0000000010006924        0x0 linker stubs

.iplt           0x0000000010006924        0x0
 .iplt          0x0000000010006924        0x0 /usr/lib/gcc/arm-none-eabi/10.3.1/thumb/v6-m/nofp/crtbegin.o

.rodata         0x0000000010006924      0x36c
 *(EXCLUDE_FILE(*libm.a: *libc.a:*lib_a-mem*.o *libgcc.a:) .rodata*)
 .rodata.i2s_program
                0x0000000010006924        0x8 CMakeFiles/pico_synth.dir/src/i2s_audio.c.o
 .rodata.i2s_program_instructions
                0x000000001000692c       0x14 CMakeFiles/pico_synth.dir/src/i2s_audio.c.o
 .rodata.str1.4
                0x0000000010006940       0x23 CMakeFiles/pico_synth.dir/src/usb_descriptors.c.o
 *fill*         0x0000000010006963        0x1 
 .rodata.__compound_literal.0
                0x0000000010006964        0x2 CMakeFiles/pico_synth.dir/src/usb_descriptors.c.o
 *fill*         0x0000000010006966        0x2 
 .rodata.desc_configuration
                0x0000000010006968       0x65 CMakeFiles/pico_synth.dir/src/usb_descriptors.c.o
 *fill*         0x00000000100069cd        0x3 
 .rodata.desc_device
                0x00000000100069d0       0x12 CMakeFiles/pico_synth.dir/src/usb_descriptors.c.o
                0x00000000100069d0                desc_device
 *fill*         0x00000000100069e2        0x2 
 .rodata.string_desc_arr
                0x00000000100069e4       0x10 CMakeFiles/pico_synth.dir/src/usb_descriptors.c.o
 .rodata.panic.str1.4
                0x00000000100069f4       0x12 CMakeFiles/pico_synth.dir/home/vscode/pico-sdk/src/rp2_common/pico_platform_panic/panic.c.o
 *fill*         0x0000000010006a06        0x2 
 .rodata.spin_lock_claim_unused.str1.4
                0x0000000010006a08       0x1b CMakeFiles/pico_synth.dir/home/vscode/pico-sdk/src/rp2_common/hardware_sync/sync.c.o
 *fill*         0x0000000010006a23        0x1 
 .rodata.timer_hardware_alarm_claim.str1.4
                0x0000000010006a24       0x22 CMakeFiles/pico_synth.dir/home/vscode/pico-sdk/src/rp2_common/hardware_timer/timer.c.o
 *fill*         0x0000000010006a46        0x2 
 .rodata.hard_assertion_failure.str1.4
                0x0000000010006a48        0xc CMakeFiles/pico_synth.dir/home/vscode/pico-sdk/src/rp2_common/pico_runtime/runtime.c.o
 .rodata.str1.4
                0x0000000010006a54       0x40 CMakeFiles/pico_synth.dir/home/vscode/pico-sdk/src/rp2_common/pico_standard_binary_info/standard_binary_info.c.o
 .rodata.__bi_26
                0x0000000010006a94        0xc CMakeFiles/pico_synth.dir/home/vscode/pico-sdk/src/rp2_common/pico_standard_binary_info/standard_binary_info.c.o
 .rodata.__bi_34
                0x0000000010006aa0        0xc CMakeFiles/pico_synth.dir/home/vscode/pico-sdk/src/rp2_common/pico_standard_binary_info/standard_binary_info.c.o
 .rodata.__bi_42
                0x0000000010006aac        0xc CMakeFiles/pico_synth.dir/home/vscode/pico-sdk/src/rp2_common/pico_standard_binary_info/standard_binary_info.c.o
 .rodata.__bi_48
                0x0000000010006ab8        0xc CMakeFiles/pico_synth.dir/home/vscode/pico-sdk/src/rp2_common/pico_standard_binary_info/standard_binary_info.c.o
 .rodata.__bi_54
                0x0000000010006ac4        0xc CMakeFiles/pico_synth.dir/home/vscode/pico-sdk/src/rp2_common/pico_standard_binary_info/standard_binary_info.c.o
 .rodata.__bi_78
                0x0000000010006ad0        0xc CMakeFiles/pico_synth.dir/home/vscode/pico-sdk/src/rp2_common/pico_standard_binary_info/standard_binary_info.c.o
 .rodata.__bi_84
                0x0000000010006adc        0xc CMakeFiles/pico_synth.dir/home/vscode/pico-sdk/src/rp2_common/pico_standard_binary_info/standard_binary_info.c.o
 .rodata.crlf_str.0
                0x0000000010006ae8        0x2 CMakeFiles/pico_synth.dir/home/vscode/pico-sdk/src/rp2_common/pico_stdio/stdio.c.o
 *fill*         0x0000000010006aea        0x2 
 .rodata.str1.4
                0x0000000010006aec       0x2c CMakeFiles/pico_synth.dir/home/vscode/pico-sdk/src/rp2_common/pico_stdio_uart/stdio_uart.c.o
 .rodata.__bi_45.4
                0x0000000010006b18        0xc CMakeFiles/pico_synth.dir/home/vscode/pico-sdk/src/rp2_common/pico_stdio_uart/stdio_uart.c.o
 .rodata.__bi_49.5
                0x0000000010006b24        0x8 CMakeFiles/pico_synth.dir/home/vscode/pico-sdk/src/rp2_common/pico_stdio_uart/stdio_uart.c.o
 .rodata.__bi_50.6
                0x0000000010006b2c        0x8 CMakeFiles/pico_synth.dir/home/vscode/pico-sdk/src/rp2_common/pico_stdio_uart/stdio_uart.c.o
 .rodata.dma_claim_unused_channel.str1.4
                0x0000000010006b34       0x1e CMakeFiles/pico_synth.dir/home/vscode/pico-sdk/src/rp2_common/hardware_dma/dma.c.o
 *fill*         0x0000000010006b52        0x2 
 .rodata.str1.4
                0x0000000010006b54       0x14 CMakeFiles/pico_synth.dir/home/vscode/pico-sdk/lib/tinyusb/src/portable/raspberrypi/rp2040/dcd_rp2040.c.o
 .rodata.str1.4
                0x0000000010006b68       0x48 CMakeFiles/pico_synth.dir/home/vscode/pico-sdk/lib/tinyusb/src/portable/raspberrypi/rp2040/rp2040_usb.c.o
 .rodata.tud_task_ext
                0x0000000010006bb0       0x8c CMakeFiles/pico_synth.dir/home/vscode/pico-sdk/lib/tinyusb/src/device/usbd.c.o
 .rodata        0x0000000010006c3c       0x1c CMakeFiles/pico_synth.dir/home/vscode/pico-sdk/lib/tinyusb/src/device/usbd.c.o
 .rodata._usbd_driver
                0x0000000010006c58       0x20 CMakeFiles/pico_synth.dir/home/vscode/pico-sdk/lib/tinyusb/src/device/usbd.c.o
 .rodata.str1.4
                0x0000000010006c78        0x4 CMakeFiles/pico_synth.dir/home/vscode/pico-sdk/lib/tinyusb/hw/bsp/rp2040/family.c.o
 .rodata.__bi_153.0
                0x0000000010006c7c        0xc CMakeFiles/pico_synth.dir/home/vscode/pico-sdk/lib/tinyusb/hw/bsp/rp2040/family.c.o
 .rodata.__bi_163.1
                0x0000000010006c88        0x8 CMakeFiles/pico_synth.dir/home/vscode/pico-sdk/lib/tinyusb/hw/bsp/rp2040/family.c.o
                0x0000000010006c90                . = ALIGN (0x4)
 *(SORT_BY_ALIGNMENT(SORT_BY_NAME(.flashdata*)))
                0x0000000010006c90                . = ALIGN (0x4)

.ARM.extab
 *(.ARM.extab* .gnu.linkonce.armextab.*)
                0x0000000010006c90                __exidx_start = .

.ARM.exidx
 *(.ARM.exidx* .gnu.linkonce.armexidx.*)
                0x0000000010006c90                __exidx_end = .
                0x0000000010006c90                . = ALIGN (0x4)
                0x0000000010006c90                __binary_info_start = .

.binary_info    0x0000000010006c90       0x30
 *(.binary_info.keep.*)
 .binary_info.keep.__bi_ptr26
                0x0000000010006c90        0x4 CMakeFiles/pico_synth.dir/home/vscode/pico-sdk/src/rp2_common/pico_standard_binary_info/standard_binary_info.c.o
 .binary_info.keep.__bi_ptr34
                0x0000000010006c94        0x4 CMakeFiles/pico_synth.dir/home/vscode/pico-sdk/src/rp2_common/pico_standard_binary_info/standard_binary_info.c.o
 .binary_info.keep.__bi_ptr42
                0x0000000010006c98        0x4 CMakeFiles/pico_synth.dir/home/vscode/pico-sdk/src/rp2_common/pico_standard_binary_info/standard_binary_info.c.o
 .binary_info.keep.__bi_ptr48
                0x0000000010006c9c        0x4 CMakeFiles/pico_synth.dir/home/vscode/pico-sdk/src/rp2_common/pico_standard_binary_info/standard_binary_info.c.o
 .binary_info.keep.__bi_ptr54
                0x0000000010006ca0        0x4 CMakeFiles/pico_synth.dir/home/vscode/pico-sdk/src/rp2_common/pico_standard_binary_info/standard_binary_info.c.o
 .binary_info.keep.__bi_ptr78
                0x0000000010006ca4        0x4 CMakeFiles/pico_synth.dir/home/vscode/pico-sdk/src/rp2_common/pico_standard_binary_info/standard_binary_info.c.o
 .binary_info.keep.__bi_ptr84
                0x0000000010006ca8        0x4 CMakeFiles/pico_synth.dir/home/vscode/pico-sdk/src/rp2_common/pico_standard_binary_info/standard_binary_info.c.o
 .binary_info.keep.__bi_ptr153
                0x0000000010006cac        0x4 CMakeFiles/pico_synth.dir/home/vscode/pico-sdk/lib/tinyusb/hw/bsp/rp2040/family.c.o
 .binary_info.keep.__bi_ptr163
                0x0000000010006cb0        0x4 CMakeFiles/pico_synth.dir/home/vscode/pico-sdk/lib/tinyusb/hw/bsp/rp2040/family.c.o
 *(.binary_info.*)
 .binary_info.__bi_ptr45
                0x0000000010006cb4        0x4 CMakeFiles/pico_synth.dir/home/vscode/pico-sdk/src/rp2_common/pico_stdio_uart/stdio_uart.c.o
 .binary_info.__bi_ptr49
                0x0000000010006cb8        0x4 CMakeFiles/pico_synth.dir/home/vscode/pico-sdk/src/rp2_common/pico_stdio_uart/stdio_uart.c.o
 .binary_info.__bi_ptr50
                0x0000000010006cbc        0x4 CMakeFiles/pico_synth.dir/home/vscode/pico-sdk/src/rp2_common/pico_stdio_uart/stdio_uart.c.o
                0x0000000010006cc0                __binary_info_end = .
                0x0000000010006cc0                . = ALIGN (0x4)

.ram_vector_table
                0x0000000020000000       0xc0
 *(.ram_vector_table)
 .ram_vector_table
                0x0000000020000000       0xc0 CMakeFiles/pico_synth.dir/home/vscode/pico-sdk/src/rp2_common/pico_runtime_init/runtime_init.c.o
                0x0000000020000000                ram_vector_table

.uninitialized_data
                0x00000000200000c0        0x0
                0x00000000200000c0                . = ALIGN (0x4)
 *(.uninitialized_data*)

.data           0x00000000200000c0      0xfe8 load address 0x0000000010006cc0
                0x00000000200000c0                __data_start__ = .
 *(vtable)
 *(.time_critical*)
 .time_critical.mutex_try_enter_block_until
                0x00000000200000c0       0x9c CMakeFiles/pico_synth.dir/home/vscode/pico-sdk/src/common/pico_sync/mutex.c.o
                0x00000000200000c0                mutex_try_enter_block_until
 .time_critical.mutex_enter_timeout_ms
                0x000000002000015c       0x90 CMakeFiles/pico_synth.dir/home/vscode/pico-sdk/src/common/pico_sync/mutex.c.o
                0x000000002000015c                mutex_enter_timeout_ms
 .time_critical.mutex_exit
                0x00000000200001ec       0x28 CMakeFiles/pico_synth.dir/home/vscode/pico-sdk/src/common/pico_sync/mutex.c.o
                0x00000000200001ec                mutex_exit
 .time_critical.reset_non_control_endpoints
                0x0000000020000214       0xbc CMakeFiles/pico_synth.dir/home/vscode/pico-sdk/lib/tinyusb/src/portable/raspberrypi/rp2040/dcd_rp2040.c.o
 .time_critical.hw_handle_buff_status
                0x00000000200002d0       0x98 CMakeFiles/pico_synth.dir/home/vscode/pico-sdk/lib/tinyusb/src/portable/raspberrypi/rp2040/dcd_rp2040.c.o
 .time_critical.dcd_rp2040_irq
                0x0000000020000368      0x530 CMakeFiles/pico_synth.dir/home/vscode/pico-sdk/lib/tinyusb/src/portable/raspberrypi/rp2040/dcd_rp2040.c.o
 .time_critical.prepare_ep_buffer
                0x0000000020000898       0xf4 CMakeFiles/pico_synth.dir/home/vscode/pico-sdk/lib/tinyusb/src/portable/raspberrypi/rp2040/rp2040_usb.c.o
 .time_critical.sync_ep_buffer
                0x000000002000098c       0xb4 CMakeFiles/pico_synth.dir/home/vscode/pico-sdk/lib/tinyusb/src/portable/raspberrypi/rp2040/rp2040_usb.c.o
 .time_critical._hw_endpoint_xfer_sync
                0x0000000020000a40       0x28 CMakeFiles/pico_synth.dir/home/vscode/pico-sdk/lib/tinyusb/src/portable/raspberrypi/rp2040/rp2040_usb.c.o
 .time_critical.e15_is_bulkin_ep
                0x0000000020000a68       0x28 CMakeFiles/pico_synth.dir/home/vscode/pico-sdk/lib/tinyusb/src/portable/raspberrypi/rp2040/rp2040_usb.c.o
 .time_critical.e15_is_critical_frame_period
                0x0000000020000a90       0x34 CMakeFiles/pico_synth.dir/home/vscode/pico-sdk/lib/tinyusb/src/portable/raspberrypi/rp2040/rp2040_usb.c.o
 .time_critical.hw_endpoint_reset_transfer
                0x0000000020000ac4        0xc CMakeFiles/pico_synth.dir/home/vscode/pico-sdk/lib/tinyusb/src/portable/raspberrypi/rp2040/rp2040_usb.c.o
                0x0000000020000ac4                hw_endpoint_reset_transfer
 .time_critical._hw_endpoint_buffer_control_update32
                0x0000000020000ad0       0x50 CMakeFiles/pico_synth.dir/home/vscode/pico-sdk/lib/tinyusb/src/portable/raspberrypi/rp2040/rp2040_usb.c.o
                0x0000000020000ad0                _hw_endpoint_buffer_control_update32
 .time_critical.hw_endpoint_start_next_buffer
                0x0000000020000b20       0x6c CMakeFiles/pico_synth.dir/home/vscode/pico-sdk/lib/tinyusb/src/portable/raspberrypi/rp2040/rp2040_usb.c.o
                0x0000000020000b20                hw_endpoint_start_next_buffer
 .time_critical.hw_endpoint_xfer_continue
                0x0000000020000b8c       0x40 CMakeFiles/pico_synth.dir/home/vscode/pico-sdk/lib/tinyusb/src/portable/raspberrypi/rp2040/rp2040_usb.c.o
                0x0000000020000b8c                hw_endpoint_xfer_continue
 .time_critical.tinyusb
                0x0000000020000bcc      0x1e8 CMakeFiles/pico_synth.dir/home/vscode/pico-sdk/lib/tinyusb/src/device/usbd.c.o
                0x0000000020000bcc                dcd_event_handler
 .time_critical.flash_init_boot2_copyout
                0x0000000020000db4       0x30 CMakeFiles/pico_synth.dir/home/vscode/pico-sdk/src/rp2_common/hardware_flash/flash.c.o
 .time_critical.flash_enable_xip_via_boot2
                0x0000000020000de4       0x10 CMakeFiles/pico_synth.dir/home/vscode/pico-sdk/src/rp2_common/hardware_flash/flash.c.o
 .time_critical.flash_save_hardware_state
                0x0000000020000df4       0x28 CMakeFiles/pico_synth.dir/home/vscode/pico-sdk/src/rp2_common/hardware_flash/flash.c.o
 .time_critical.flash_restore_hardware_state
                0x0000000020000e1c       0x28 CMakeFiles/pico_synth.dir/home/vscode/pico-sdk/src/rp2_common/hardware_flash/flash.c.o
 .time_critical.flash_cs_force
                0x0000000020000e44       0x38 CMakeFiles/pico_synth.dir/home/vscode/pico-sdk/src/rp2_common/hardware_flash/flash.c.o
 .time_critical.flash_do_cmd
                0x0000000020000e7c       0xd4 CMakeFiles/pico_synth.dir/home/vscode/pico-sdk/src/rp2_common/hardware_flash/flash.c.o
                0x0000000020000e7c                flash_do_cmd
 *(.text*)
 .text          0x0000000020000f50        0x4 /usr/lib/gcc/arm-none-eabi/10.3.1/thumb/v6-m/nofp/libgcc.a(_dvmd_tls.o)
                0x0000000020000f50                __aeabi_ldiv0
                0x0000000020000f50                __aeabi_idiv0
 *fill*         0x0000000020000f54        0x4 
 .text.__stub   0x0000000020000f58       0x80 linker stubs
                0x0000000020000fd8                . = ALIGN (0x4)
 *(.rodata*)
                0x0000000020000fd8                . = ALIGN (0x4)
 *(.data*)
 .data.last_cutoff_raw
                0x0000000020000fd8        0x2 CMakeFiles/pico_synth.dir/src/knobs.c.o
 .data.last_resonance_raw
                0x0000000020000fda        0x2 CMakeFiles/pico_synth.dir/src/knobs.c.o
 .data.striped_spin_lock_num
                0x0000000020000fdc        0x1 CMakeFiles/pico_synth.dir/home/vscode/pico-sdk/src/rp2_common/hardware_sync/sync.c.o
 *fill*         0x0000000020000fdd        0x3 
 .data          0x0000000020000fe0       0x48 CMakeFiles/pico_synth.dir/home/vscode/pico-sdk/src/rp2_common/hardware_irq/irq_handler_chain.S.o
                0x0000000020000fe0                irq_handler_chain_slots
                0x0000000020001010                irq_handler_chain_first_slot
                0x000000002000101a                irq_handler_chain_remove_tail
 .data.default_alarm_pool
                0x0000000020001028       0x18 CMakeFiles/pico_synth.dir/home/vscode/pico-sdk/src/common/pico_time/time.c.o
 *fill*         0x0000000020001040        0x0 
 .data.aeabi_bits_funcs
                0x0000000020001040       0x10 CMakeFiles/pico_synth.dir/home/vscode/pico-sdk/src/rp2_common/pico_bit_ops/bit_ops_aeabi.S.o
                0x0000000020001040                aeabi_bits_funcs
                0x0000000020001050                aeabi_bits_funcs_end
 .data.aeabi_mem_funcs
                0x0000000020001050       0x10 CMakeFiles/pico_synth.dir/home/vscode/pico-sdk/src/rp2_common/pico_mem_ops/mem_ops_aeabi.S.o
                0x0000000020001050                aeabi_mem_funcs
                0x0000000020001060                aeabi_mem_funcs_end
 .data.stdio_uart
                0x0000000020001060       0x18 CMakeFiles/pico_synth.dir/home/vscode/pico-sdk/src/rp2_common/pico_stdio_uart/stdio_uart.c.o
                0x0000000020001060                stdio_uart
 .data._usbd_qdef
                0x0000000020001078       0x1c CMakeFiles/pico_synth.dir/home/vscode/pico-sdk/lib/tinyusb/src/device/usbd.c.o
                0x0000000020001078                _usbd_qdef
 .data._usbd_rhport
                0x0000000020001094        0x1 CMakeFiles/pico_synth.dir/home/vscode/pico-sdk/lib/tinyusb/src/device/usbd.c.o
                0x0000000020001098                . = ALIGN (0x4)
 *fill*         0x0000000020001095        0x3 
 *(.after_data.*)
                0x0000000020001098                . = ALIGN (0x4)
                0x0000000020001098                PROVIDE (__mutex_array_start = .)
 *(SORT_BY_NAME(.mutex_array.*))
 *(.mutex_array)
 .mutex_array   0x0000000020001098        0x8 CMakeFiles/pico_synth.dir/home/vscode/pico-sdk/src/rp2_common/pico_malloc/malloc.c.o
 .mutex_array   0x00000000200010a0        0x8 CMakeFiles/pico_synth.dir/home/vscode/pico-sdk/src/rp2_common/pico_stdio/stdio.c.o
                0x00000000200010a8                PROVIDE (__mutex_array_end = .)
                0x00000000200010a8                . = ALIGN (0x4)
 *(.jcr)
                0x00000000200010a8                . = ALIGN (0x4)

.tm_clone_table
                0x00000000200010a8        0x0 load address 0x0000000010007ca8
 .tm_clone_table
                0x00000000200010a8        0x0 /usr/lib/gcc/arm-none-eabi/10.3.1/thumb/v6-m/nofp/crtbegin.o
 .tm_clone_table
                0x00000000200010a8        0x0 /usr/lib/gcc/arm-none-eabi/10.3.1/thumb/v6-m/nofp/crtend.o

.igot.plt       0x00000000200010a8        0x0 load address 0x0000000010007ca8
 .igot.plt      0x00000000200010a8        0x0 /usr/lib/gcc/arm-none-eabi/10.3.1/thumb/v6-m/nofp/crtbegin.o

.tdata          0x00000000200010a8        0x0 load address 0x0000000010007ca8
                0x00000000200010a8                . = ALIGN (0x4)
 *(.tdata .tdata.* .gnu.linkonce.td.*)
                0x00000000200010a8                __tdata_end = .
                0x00000000200010a8                PROVIDE (__data_end__ = .)
                0x0000000010006cc0                __etext = LOADADDR (.data)

.tbss           0x00000000200010a8        0x0 load address 0x0000000010007ca8
                0x00000000200010a8                . = ALIGN (0x4)
                0x00000000200010a8                __bss_start__ = .
                0x00000000200010a8                __tls_base = .
 *(.tbss .tbss.* .gnu.linkonce.tb.*)
 *(.tcommon)
                0x00000000200010a8                __tls_end = .

.bss            0x00000000200010a8     0x4ca0 load address 0x0000000010007ca8
                0x00000000200010a8                . = ALIGN (0x4)
                0x00000000200010a8                __tbss_end = .
 *(SORT_BY_ALIGNMENT(SORT_BY_NAME(.bss*)))
 .bss.default_alarm_pool_entries
                0x00000000200010a8      0x180 CMakeFiles/pico_synth.dir/home/vscode/pico-sdk/src/common/pico_time/time.c.o
 .bss.sd_table  0x0000000020001228      0x100 CMakeFiles/pico_synth.dir/home/vscode/pico-sdk/src/rp2_common/pico_double/double_init_rom_rp2040.c.o
                0x0000000020001228                sd_table
 .bss.sf_table  0x0000000020001328      0x100 CMakeFiles/pico_synth.dir/home/vscode/pico-sdk/src/rp2_common/pico_float/float_init_rom_rp2040.c.o
                0x0000000020001328                sf_table
 .bss           0x0000000020001428       0x1c /usr/lib/gcc/arm-none-eabi/10.3.1/thumb/v6-m/nofp/crtbegin.o
 .bss._app_driver
                0x0000000020001444        0x4 CMakeFiles/pico_synth.dir/home/vscode/pico-sdk/lib/tinyusb/src/device/usbd.c.o
 .bss._ctrl_epbuf
                0x0000000020001448       0x40 CMakeFiles/pico_synth.dir/home/vscode/pico-sdk/lib/tinyusb/src/device/usbd_control.c.o
 .bss._ctrl_xfer
                0x0000000020001488       0x14 CMakeFiles/pico_synth.dir/home/vscode/pico-sdk/lib/tinyusb/src/device/usbd_control.c.o
 .bss._desc_str
                0x000000002000149c       0x40 CMakeFiles/pico_synth.dir/src/usb_descriptors.c.o
 .bss._midid_epbuf
                0x00000000200014dc       0x80 CMakeFiles/pico_synth.dir/home/vscode/pico-sdk/lib/tinyusb/src/class/midi/midi_device.c.o
 .bss._midid_itf
                0x000000002000155c       0xc8 CMakeFiles/pico_synth.dir/home/vscode/pico-sdk/lib/tinyusb/src/class/midi/midi_device.c.o
 .bss._tusb_rhport_role
                0x0000000020001624        0x2 CMakeFiles/pico_synth.dir/home/vscode/pico-sdk/lib/tinyusb/src/tusb.c.o
                0x0000000020001624                _tusb_rhport_role
 *fill*         0x0000000020001626        0x2 
 .bss._ubsd_mutexdef
                0x0000000020001628        0x8 CMakeFiles/pico_synth.dir/home/vscode/pico-sdk/lib/tinyusb/src/device/usbd.c.o
 .bss._usbd_dev
                0x0000000020001630       0x54 CMakeFiles/pico_synth.dir/home/vscode/pico-sdk/lib/tinyusb/src/device/usbd.c.o
 .bss._usbd_mutex
                0x0000000020001684        0x4 CMakeFiles/pico_synth.dir/home/vscode/pico-sdk/lib/tinyusb/src/device/usbd.c.o
 .bss._usbd_q   0x0000000020001688        0x4 CMakeFiles/pico_synth.dir/home/vscode/pico-sdk/lib/tinyusb/src/device/usbd.c.o
 .bss._usbd_qdef_buf
                0x000000002000168c       0xc0 CMakeFiles/pico_synth.dir/home/vscode/pico-sdk/lib/tinyusb/src/device/usbd.c.o
                0x000000002000168c                _usbd_qdef_buf
 .bss._used_instruction_space
                0x000000002000174c        0x8 CMakeFiles/pico_synth.dir/home/vscode/pico-sdk/src/rp2_common/hardware_pio/pio.c.o
 .bss.audio_buf
                0x0000000020001754     0x1000 CMakeFiles/pico_synth.dir/src/i2s_audio.c.o
 .bss.boot2_copyout
                0x0000000020002754      0x100 CMakeFiles/pico_synth.dir/home/vscode/pico-sdk/src/rp2_common/hardware_flash/flash.c.o
 .bss.chars_available_callback
                0x0000000020002854        0x4 CMakeFiles/pico_synth.dir/home/vscode/pico-sdk/src/rp2_common/pico_stdio_uart/stdio_uart.c.o
 .bss.chars_available_param
                0x0000000020002858        0x4 CMakeFiles/pico_synth.dir/home/vscode/pico-sdk/src/rp2_common/pico_stdio_uart/stdio_uart.c.o
 .bss.claimed   0x000000002000285c        0x4 CMakeFiles/pico_synth.dir/home/vscode/pico-sdk/src/rp2_common/hardware_sync/sync.c.o
 .bss.claimed   0x0000000020002860        0x1 CMakeFiles/pico_synth.dir/home/vscode/pico-sdk/src/rp2_common/hardware_timer/timer.c.o
 *fill*         0x0000000020002861        0x3 
 .bss.configured_freq
                0x0000000020002864       0x28 CMakeFiles/pico_synth.dir/home/vscode/pico-sdk/src/rp2_common/hardware_clocks/clocks.c.o
 .bss.dma_ch_a  0x000000002000288c        0x4 CMakeFiles/pico_synth.dir/src/i2s_audio.c.o
 .bss.dma_ch_b  0x0000000020002890        0x4 CMakeFiles/pico_synth.dir/src/i2s_audio.c.o
 .bss.drivers   0x0000000020002894        0x4 CMakeFiles/pico_synth.dir/home/vscode/pico-sdk/src/rp2_common/pico_stdio/stdio.c.o
 .bss.e15_last_sof
                0x0000000020002898        0x4 CMakeFiles/pico_synth.dir/home/vscode/pico-sdk/lib/tinyusb/src/portable/raspberrypi/rp2040/rp2040_usb.c.o
                0x0000000020002898                e15_last_sof
 .bss.filter    0x000000002000289c        0x4 CMakeFiles/pico_synth.dir/home/vscode/pico-sdk/src/rp2_common/pico_stdio/stdio.c.o
 .bss.g_synth   0x00000000200028a0     0x305c CMakeFiles/pico_synth.dir/src/synth.c.o
                0x00000000200028a0                g_synth
 .bss.hw_endpoints
                0x00000000200058fc      0x400 CMakeFiles/pico_synth.dir/home/vscode/pico-sdk/lib/tinyusb/src/portable/raspberrypi/rp2040/dcd_rp2040.c.o
 .bss.last_knob_ms.0
                0x0000000020005cfc        0x4 CMakeFiles/pico_synth.dir/src/main.c.o
 .bss.lazy_vsnprintf
                0x0000000020005d00        0x4 CMakeFiles/pico_synth.dir/home/vscode/pico-sdk/src/rp2_common/pico_printf/printf.c.o
 .bss.next_buffer_ptr
                0x0000000020005d04        0x4 CMakeFiles/pico_synth.dir/home/vscode/pico-sdk/lib/tinyusb/src/portable/raspberrypi/rp2040/dcd_rp2040.c.o
 .bss.parser    0x0000000020005d08        0x5 CMakeFiles/pico_synth.dir/src/midi.c.o
 *fill*         0x0000000020005d0d        0x3 
 .bss.pools     0x0000000020005d10       0x10 CMakeFiles/pico_synth.dir/home/vscode/pico-sdk/src/common/pico_time/time.c.o
 .bss.retrieved_id
                0x0000000020005d20        0x8 CMakeFiles/pico_synth.dir/home/vscode/pico-sdk/src/rp2_common/pico_unique_id/unique_id.c.o
 .bss.sf_clz_func
                0x0000000020005d28        0x4 CMakeFiles/pico_synth.dir/home/vscode/pico-sdk/src/rp2_common/pico_double/double_init_rom_rp2040.c.o
                0x0000000020005d28                sf_clz_func
 .bss.sleep_notifier
                0x0000000020005d2c        0x4 CMakeFiles/pico_synth.dir/home/vscode/pico-sdk/src/common/pico_time/time.c.o
 .bss.smooth_cutoff
                0x0000000020005d30        0x4 CMakeFiles/pico_synth.dir/src/knobs.c.o
 .bss.smooth_resonance
                0x0000000020005d34        0x4 CMakeFiles/pico_synth.dir/src/knobs.c.o
 .bss.uart_char_to_line_feed
                0x0000000020005d38        0x4 CMakeFiles/pico_synth.dir/home/vscode/pico-sdk/src/rp2_common/hardware_uart/uart.c.o
                0x0000000020005d38                uart_char_to_line_feed
 .bss.uart_instance
                0x0000000020005d3c        0x4 CMakeFiles/pico_synth.dir/home/vscode/pico-sdk/src/rp2_common/pico_stdio_uart/stdio_uart.c.o
 .bss._claimed  0x0000000020005d40        0x2 CMakeFiles/pico_synth.dir/home/vscode/pico-sdk/src/rp2_common/hardware_dma/dma.c.o
 .bss._app_driver_count
                0x0000000020005d42        0x1 CMakeFiles/pico_synth.dir/home/vscode/pico-sdk/lib/tinyusb/src/device/usbd.c.o
 .bss._sof_enable
                0x0000000020005d43        0x1 CMakeFiles/pico_synth.dir/home/vscode/pico-sdk/lib/tinyusb/src/portable/raspberrypi/rp2040/dcd_rp2040.c.o
 .bss._usbd_queued_setup
                0x0000000020005d44        0x1 CMakeFiles/pico_synth.dir/home/vscode/pico-sdk/lib/tinyusb/src/device/usbd.c.o
 .bss.boot2_copyout_valid
                0x0000000020005d45        0x1 CMakeFiles/pico_synth.dir/home/vscode/pico-sdk/src/rp2_common/hardware_flash/flash.c.o
 .bss.irq_handler_chain_free_slot_head
                0x0000000020005d46        0x1 CMakeFiles/pico_synth.dir/home/vscode/pico-sdk/src/rp2_common/hardware_irq/irq.c.o
 *(COMMON)
                0x0000000020005d48                . = ALIGN (0x4)
 *fill*         0x0000000020005d47        0x1 
                0x0000000020005d48                __bss_end__ = .

.heap           0x0000000020005d48      0x800 load address 0x0000000010007ca8
                0x0000000020005d48                __end__ = .
                0x0000000020005d48                end = __end__
 *(.heap*)
 .heap          0x0000000020005d48      0x800 CMakeFiles/pico_synth.dir/home/vscode/pico-sdk/src/rp2_common/pico_crt0/crt0.S.o
                0x0000000020040000                __HeapLimit = (ORIGIN (RAM) + LENGTH (RAM))

.scratch_x      0x0000000020040000        0x0 load address 0x0000000010007ca8
                0x0000000020040000                __scratch_x_start__ = .
 *(.scratch_x.*)
                0x0000000020040000                . = ALIGN (0x4)
                0x0000000020040000                __scratch_x_end__ = .
                0x0000000010007ca8                __scratch_x_source__ = LOADADDR (.scratch_x)

.scratch_y      0x0000000020041000        0x0 load address 0x0000000010007ca8
                0x0000000020041000                __scratch_y_start__ = .
 *(.scratch_y.*)
                0x0000000020041000                . = ALIGN (0x4)
                0x0000000020041000                __scratch_y_end__ = .
                0x0000000010007ca8                __scratch_y_source__ = LOADADDR (.scratch_y)

.stack1_dummy   0x0000000020040000      0x800
 *(.stack1*)
 .stack1        0x0000000020040000      0x800 CMakeFiles/pico_synth.dir/home/vscode/pico-sdk/src/rp2_common/pico_multicore/multicore.c.o

.stack_dummy    0x0000000020041000      0x800
 *(.stack*)
 .stack         0x0000000020041000      0x800 CMakeFiles/pico_synth.dir/home/vscode/pico-sdk/src/rp2_common/pico_crt0/crt0.S.o

.rel.dyn        0x0000000020041800        0x0
 .rel.iplt      0x0000000020041800        0x0 /usr/lib/gcc/arm-none-eabi/10.3.1/thumb/v6-m/nofp/crtbegin.o

.flash_end      0x0000000010007ca8        0x0
 *(.embedded_end_block*)
                0x0000000010007ca8                PROVIDE (__flash_binary_end = .)
                0x0000000020040000                __StackLimit = (ORIGIN (RAM) + LENGTH (RAM))
                0x0000000020041000                __StackOneTop = (ORIGIN (SCRATCH_X) + LENGTH (SCRATCH_X))
                0x0000000020042000                __StackTop = (ORIGIN (SCRATCH_Y) + LENGTH (SCRATCH_Y))
                0x0000000020040800                __StackOneBottom = (__StackOneTop - SIZEOF (.stack1_dummy))
                0x0000000020041800                __StackBottom = (__StackTop - SIZEOF (.stack_dummy))
                0x0000000020042000                PROVIDE (__stack = __StackTop)
                [!provide]                        PROVIDE (__heap_start = __end__)
                [!provide]                        PROVIDE (__heap_end = __HeapLimit)
                [!provide]                        PROVIDE (__tls_align = MAX (ALIGNOF (.tdata), ALIGNOF (.tbss)))
                [!provide]                        PROVIDE (__tls_size_align = (((__tls_size + __tls_align) - 0x1) & ~ ((__tls_align - 0x1))))
                [!provide]                        PROVIDE (__arm32_tls_tcb_offset = MAX (0x8, __tls_align))
                [!provide]                        PROVIDE (_end = __end__)
                [!provide]                        PROVIDE (__llvm_libc_heap_limit = __HeapLimit)
                0x0000000000000001                ASSERT ((__StackLimit >= __HeapLimit), region RAM overflowed)
                0x0000000000000001                ASSERT (((__binary_info_header_end - __logical_binary_start) <= 0x100), Binary info must be in first 256 bytes of the binary)
LOAD CMakeFiles/pico_synth.dir/src/main.c.o
LOAD CMakeFiles/pico_synth.dir/src/synth.c.o
LOAD CMakeFiles/pico_synth.dir/src/i2s_audio.c.o
LOAD CMakeFiles/pico_synth.dir/src/midi.c.o
LOAD CMakeFiles/pico_synth.dir/src/knobs.c.o
LOAD CMakeFiles/pico_synth.dir/src/usb_descriptors.c.o
LOAD CMakeFiles/pico_synth.dir/home/vscode/pico-sdk/src/rp2_common/pico_stdlib/stdlib.c.o
LOAD CMakeFiles/pico_synth.dir/home/vscode/pico-sdk/src/rp2_common/hardware_gpio/gpio.c.o
LOAD CMakeFiles/pico_synth.dir/home/vscode/pico-sdk/src/rp2040/pico_platform/platform.c.o
LOAD CMakeFiles/pico_synth.dir/home/vscode/pico-sdk/src/rp2_common/pico_platform_common/common.c.o
LOAD CMakeFiles/pico_synth.dir/home/vscode/pico-sdk/src/rp2_common/pico_platform_panic/panic.c.o
LOAD CMakeFiles/pico_synth.dir/home/vscode/pico-sdk/src/common/hardware_claim/claim.c.o
LOAD CMakeFiles/pico_synth.dir/home/vscode/pico-sdk/src/rp2_common/hardware_sync/sync.c.o
LOAD CMakeFiles/pico_synth.dir/home/vscode/pico-sdk/src/rp2_common/hardware_sync_spin_lock/sync_spin_lock.c.o
LOAD CMakeFiles/pico_synth.dir/home/vscode/pico-sdk/src/rp2_common/hardware_irq/irq.c.o
LOAD CMakeFiles/pico_synth.dir/home/vscode/pico-sdk/src/rp2_common/hardware_irq/irq_handler_chain.S.o
LOAD CMakeFiles/pico_synth.dir/home/vscode/pico-sdk/src/common/pico_sync/sem.c.o
LOAD CMakeFiles/pico_synth.dir/home/vscode/pico-sdk/src/common/pico_sync/lock_core.c.o
LOAD CMakeFiles/pico_synth.dir/home/vscode/pico-sdk/src/common/pico_sync/mutex.c.o
LOAD CMakeFiles/pico_synth.dir/home/vscode/pico-sdk/src/common/pico_sync/critical_section.c.o
LOAD CMakeFiles/pico_synth.dir/home/vscode/pico-sdk/src/common/pico_time/time.c.o
LOAD CMakeFiles/pico_synth.dir/home/vscode/pico-sdk/src/common/pico_time/timeout_helper.c.o
LOAD CMakeFiles/pico_synth.dir/home/vscode/pico-sdk/src/rp2_common/hardware_timer/timer.c.o
LOAD CMakeFiles/pico_synth.dir/home/vscode/pico-sdk/src/common/pico_util/datetime.c.o
LOAD CMakeFiles/pico_synth.dir/home/vscode/pico-sdk/src/common/pico_util/pheap.c.o
LOAD CMakeFiles/pico_synth.dir/home/vscode/pico-sdk/src/common/pico_util/queue.c.o
LOAD CMakeFiles/pico_synth.dir/home/vscode/pico-sdk/src/rp2_common/hardware_uart/uart.c.o
LOAD CMakeFiles/pico_synth.dir/home/vscode/pico-sdk/src/rp2_common/hardware_clocks/clocks.c.o
LOAD CMakeFiles/pico_synth.dir/home/vscode/pico-sdk/src/rp2_common/hardware_pll/pll.c.o
LOAD CMakeFiles/pico_synth.dir/home/vscode/pico-sdk/src/rp2_common/hardware_vreg/vreg.c.o
LOAD CMakeFiles/pico_synth.dir/home/vscode/pico-sdk/src/rp2_common/hardware_watchdog/watchdog.c.o
LOAD CMakeFiles/pico_synth.dir/home/vscode/pico-sdk/src/rp2_common/hardware_ticks/ticks.c.o
LOAD CMakeFiles/pico_synth.dir/home/vscode/pico-sdk/src/rp2_common/pico_bootrom/bootrom.c.o
LOAD CMakeFiles/pico_synth.dir/home/vscode/pico-sdk/src/rp2_common/pico_bootrom/bootrom_lock.c.o
LOAD CMakeFiles/pico_synth.dir/home/vscode/pico-sdk/src/rp2_common/hardware_boot_lock/boot_lock.c.o
LOAD CMakeFiles/pico_synth.dir/home/vscode/pico-sdk/src/rp2_common/pico_flash/flash.c.o
LOAD CMakeFiles/pico_synth.dir/home/vscode/pico-sdk/src/rp2_common/hardware_xosc/xosc.c.o
LOAD CMakeFiles/pico_synth.dir/home/vscode/pico-sdk/src/rp2_common/hardware_divider/divider.S.o
LOAD CMakeFiles/pico_synth.dir/home/vscode/pico-sdk/src/rp2_common/pico_runtime/runtime.c.o
LOAD CMakeFiles/pico_synth.dir/home/vscode/pico-sdk/src/rp2_common/pico_runtime_init/runtime_init.c.o
LOAD CMakeFiles/pico_synth.dir/home/vscode/pico-sdk/src/rp2_common/pico_runtime_init/runtime_init_clocks.c.o
LOAD CMakeFiles/pico_synth.dir/home/vscode/pico-sdk/src/rp2_common/pico_runtime_init/runtime_init_stack_guard.c.o
LOAD CMakeFiles/pico_synth.dir/home/vscode/pico-sdk/src/rp2_common/pico_bit_ops/bit_ops_aeabi.S.o
LOAD CMakeFiles/pico_synth.dir/home/vscode/pico-sdk/src/rp2_common/pico_divider/divider_hardware.S.o
LOAD CMakeFiles/pico_synth.dir/home/vscode/pico-sdk/src/rp2_common/pico_double/double_aeabi_rp2040.S.o
LOAD CMakeFiles/pico_synth.dir/home/vscode/pico-sdk/src/rp2_common/pico_double/double_init_rom_rp2040.c.o
LOAD CMakeFiles/pico_synth.dir/home/vscode/pico-sdk/src/rp2_common/pico_double/double_math.c.o
LOAD CMakeFiles/pico_synth.dir/home/vscode/pico-sdk/src/rp2_common/pico_double/double_v1_rom_shim_rp2040.S.o
LOAD CMakeFiles/pico_synth.dir/home/vscode/pico-sdk/src/rp2_common/pico_int64_ops/pico_int64_ops_aeabi.S.o
LOAD CMakeFiles/pico_synth.dir/home/vscode/pico-sdk/src/rp2_common/pico_float/float_aeabi_rp2040.S.o
LOAD CMakeFiles/pico_synth.dir/home/vscode/pico-sdk/src/rp2_common/pico_float/float_init_rom_rp2040.c.o
LOAD CMakeFiles/pico_synth.dir/home/vscode/pico-sdk/src/rp2_common/pico_float/float_math.c.o
LOAD CMakeFiles/pico_synth.dir/home/vscode/pico-sdk/src/rp2_common/pico_float/float_v1_rom_shim_rp2040.S.o
LOAD CMakeFiles/pico_synth.dir/home/vscode/pico-sdk/src/rp2_common/pico_malloc/malloc.c.o
LOAD CMakeFiles/pico_synth.dir/home/vscode/pico-sdk/src/rp2_common/pico_mem_ops/mem_ops_aeabi.S.o